main.c:116:6:ISR_ENCODER0	4	static
main.c:121:6:ISR_ENCODER1	4	static
main.c:126:6:ISR_DMA	4	static
main.c:131:6:ISR_CTRL	8	static
main.c:148:5:main	32	static
main.c:282:6:SystemClock_Config	88	static
main.c:327:13:MX_ADC1_Init	48	static
main.c:439:13:MX_TIM1_Init	32	static
main.c:485:13:MX_TIM2_Init	32	static
main.c:530:13:MX_TIM3_Init	64	static
main.c:604:13:MX_TIM4_Init	40	static
main.c:650:13:MX_USART3_UART_Init	8	static
main.c:681:13:MX_DMA_Init	16	static
main.c:699:13:MX_GPIO_Init	40	static
main.c:774:6:Powertrain_Init	8	static
main.c:781:6:Powertrain_EnableMotors	16	static
main.c:786:6:Powertrain_SetDutycycles	16	static
main.c:861:6:Powertrain_Break	16	static
main.c:876:6:calibrateFiler	16	static
main.c:892:6:validate	24	static
main.c:916:6:followTrack	24	static
main.c:976:6:turn	24	static
main.c:992:6:turnCenter	24	static
main.c:1008:6:goStraight	32	static
main.c:1032:6:obstacleSequence	8	static
main.c:1055:6:interruptionSequence	24	static
main.c:1095:6:checkforOilspill	16	static
main.c:1122:6:Error_Handler	4	static
