vl53l0x.c:11:6:startTimeout	16	static
vl53l0x.c:16:6:checkTimeoutExpired	16	static
vl53l0x.c:119:9:readReg	16	static
vl53l0x.c:128:6:writeReg	16	static
vl53l0x.c:136:10:readReg16Bit	24	static
vl53l0x.c:148:6:writeReg16Bit	16	static
vl53l0x.c:157:6:readMulti	32	static
vl53l0x.c:170:6:writeMulti	24	static
vl53l0x.c:182:6:getSpadInfo	32	static
vl53l0x.c:224:6:getSequenceStepEnables	24	static
vl53l0x.c:236:9:decodeVcselPeriod	16	static
vl53l0x.c:241:10:calcMacroPeriod	16	static
vl53l0x.c:245:10:timeoutMclksToMicroseconds	24	static
vl53l0x.c:252:9:getVcselPulsePeriod	16	static
vl53l0x.c:265:10:decodeTimeout	16	static
vl53l0x.c:276:6:getSequenceStepTimeouts	24	static
vl53l0x.c:306:10:timeoutMicrosecondsToMclks	24	static
vl53l0x.c:313:10:encodeTimeout	24	static
vl53l0x.c:335:10:getMeasurementTimingBudget	64	static
vl53l0x.c:382:9:encodeVcselPeriod	16	static
vl53l0x.c:387:6:performSingleRefCalibration	16	static
vl53l0x.c:404:10:readRangeContinuousMillimeters	24	static
vl53l0x.c:425:6:VL53_Init	40	static
vl53l0x.c:629:6:VL53_SetTimeout	16	static
vl53l0x.c:634:6:VL53_SetSignalRateLimit	16	static
vl53l0x.c:643:6:VL53_SetVcselPulsePeriod	56	static
vl53l0x.c:818:6:VL53_SetMeasurementTimingBudget	80	static
vl53l0x.c:904:6:VL53_TimeoutOccured	24	static
vl53l0x.c:911:10:VL53_ReadRangeSingle_mm	16	static
