Archive member included to satisfy reference by file (symbol)

/opt/st/stm32cubeide_1.6.1/plugins/com.st.stm32cube.ide.mcu.externaltools.gnu-tools-for-stm32.9-2020-q2-update.linux64_1.5.0.202011040924/tools/bin/../lib/gcc/arm-none-eabi/9.3.1/../../../../arm-none-eabi/lib/thumb/v7-m/nofp/libc_nano.a(lib_a-exit.o)
                              /opt/st/stm32cubeide_1.6.1/plugins/com.st.stm32cube.ide.mcu.externaltools.gnu-tools-for-stm32.9-2020-q2-update.linux64_1.5.0.202011040924/tools/bin/../lib/gcc/arm-none-eabi/9.3.1/../../../../arm-none-eabi/lib/thumb/v7-m/nofp/crt0.o (exit)
/opt/st/stm32cubeide_1.6.1/plugins/com.st.stm32cube.ide.mcu.externaltools.gnu-tools-for-stm32.9-2020-q2-update.linux64_1.5.0.202011040924/tools/bin/../lib/gcc/arm-none-eabi/9.3.1/../../../../arm-none-eabi/lib/thumb/v7-m/nofp/libc_nano.a(lib_a-impure.o)
                              /opt/st/stm32cubeide_1.6.1/plugins/com.st.stm32cube.ide.mcu.externaltools.gnu-tools-for-stm32.9-2020-q2-update.linux64_1.5.0.202011040924/tools/bin/../lib/gcc/arm-none-eabi/9.3.1/../../../../arm-none-eabi/lib/thumb/v7-m/nofp/libc_nano.a(lib_a-exit.o) (_global_impure_ptr)
/opt/st/stm32cubeide_1.6.1/plugins/com.st.stm32cube.ide.mcu.externaltools.gnu-tools-for-stm32.9-2020-q2-update.linux64_1.5.0.202011040924/tools/bin/../lib/gcc/arm-none-eabi/9.3.1/../../../../arm-none-eabi/lib/thumb/v7-m/nofp/libc_nano.a(lib_a-init.o)
                              /opt/st/stm32cubeide_1.6.1/plugins/com.st.stm32cube.ide.mcu.externaltools.gnu-tools-for-stm32.9-2020-q2-update.linux64_1.5.0.202011040924/tools/bin/../lib/gcc/arm-none-eabi/9.3.1/../../../../arm-none-eabi/lib/thumb/v7-m/nofp/crt0.o (__libc_init_array)
/opt/st/stm32cubeide_1.6.1/plugins/com.st.stm32cube.ide.mcu.externaltools.gnu-tools-for-stm32.9-2020-q2-update.linux64_1.5.0.202011040924/tools/bin/../lib/gcc/arm-none-eabi/9.3.1/../../../../arm-none-eabi/lib/thumb/v7-m/nofp/libc_nano.a(lib_a-memset.o)
                              /opt/st/stm32cubeide_1.6.1/plugins/com.st.stm32cube.ide.mcu.externaltools.gnu-tools-for-stm32.9-2020-q2-update.linux64_1.5.0.202011040924/tools/bin/../lib/gcc/arm-none-eabi/9.3.1/../../../../arm-none-eabi/lib/thumb/v7-m/nofp/crt0.o (memset)
/opt/st/stm32cubeide_1.6.1/plugins/com.st.stm32cube.ide.mcu.externaltools.gnu-tools-for-stm32.9-2020-q2-update.linux64_1.5.0.202011040924/tools/bin/../lib/gcc/arm-none-eabi/9.3.1/thumb/v7-m/nofp/libgcc.a(_arm_mulsf3.o)
                              Core/Src/ctrl.o (__aeabi_fmul)
/opt/st/stm32cubeide_1.6.1/plugins/com.st.stm32cube.ide.mcu.externaltools.gnu-tools-for-stm32.9-2020-q2-update.linux64_1.5.0.202011040924/tools/bin/../lib/gcc/arm-none-eabi/9.3.1/thumb/v7-m/nofp/libgcc.a(_arm_addsubdf3.o)
                              Core/Src/vl53l0x.o (__aeabi_f2d)
/opt/st/stm32cubeide_1.6.1/plugins/com.st.stm32cube.ide.mcu.externaltools.gnu-tools-for-stm32.9-2020-q2-update.linux64_1.5.0.202011040924/tools/bin/../lib/gcc/arm-none-eabi/9.3.1/thumb/v7-m/nofp/libgcc.a(_arm_cmpdf2.o)
                              Core/Src/vl53l0x.o (__aeabi_dcmpgt)
/opt/st/stm32cubeide_1.6.1/plugins/com.st.stm32cube.ide.mcu.externaltools.gnu-tools-for-stm32.9-2020-q2-update.linux64_1.5.0.202011040924/tools/bin/../lib/gcc/arm-none-eabi/9.3.1/thumb/v7-m/nofp/libgcc.a(_arm_addsubsf3.o)
                              Core/Src/ctrl.o (__aeabi_fsub)
/opt/st/stm32cubeide_1.6.1/plugins/com.st.stm32cube.ide.mcu.externaltools.gnu-tools-for-stm32.9-2020-q2-update.linux64_1.5.0.202011040924/tools/bin/../lib/gcc/arm-none-eabi/9.3.1/thumb/v7-m/nofp/libgcc.a(_arm_muldivsf3.o)
                              Core/Src/ctrl.o (__aeabi_fdiv)
/opt/st/stm32cubeide_1.6.1/plugins/com.st.stm32cube.ide.mcu.externaltools.gnu-tools-for-stm32.9-2020-q2-update.linux64_1.5.0.202011040924/tools/bin/../lib/gcc/arm-none-eabi/9.3.1/thumb/v7-m/nofp/libgcc.a(_arm_cmpsf2.o)
                              Core/Src/ctrl.o (__aeabi_fcmplt)
/opt/st/stm32cubeide_1.6.1/plugins/com.st.stm32cube.ide.mcu.externaltools.gnu-tools-for-stm32.9-2020-q2-update.linux64_1.5.0.202011040924/tools/bin/../lib/gcc/arm-none-eabi/9.3.1/thumb/v7-m/nofp/libgcc.a(_arm_fixsfsi.o)
                              Core/Src/main.o (__aeabi_f2iz)
/opt/st/stm32cubeide_1.6.1/plugins/com.st.stm32cube.ide.mcu.externaltools.gnu-tools-for-stm32.9-2020-q2-update.linux64_1.5.0.202011040924/tools/bin/../lib/gcc/arm-none-eabi/9.3.1/thumb/v7-m/nofp/libgcc.a(_arm_fixunssfsi.o)
                              Core/Src/vl53l0x.o (__aeabi_f2uiz)
/opt/st/stm32cubeide_1.6.1/plugins/com.st.stm32cube.ide.mcu.externaltools.gnu-tools-for-stm32.9-2020-q2-update.linux64_1.5.0.202011040924/tools/bin/../lib/gcc/arm-none-eabi/9.3.1/../../../../arm-none-eabi/lib/thumb/v7-m/nofp/libnosys.a(_exit.o)
                              /opt/st/stm32cubeide_1.6.1/plugins/com.st.stm32cube.ide.mcu.externaltools.gnu-tools-for-stm32.9-2020-q2-update.linux64_1.5.0.202011040924/tools/bin/../lib/gcc/arm-none-eabi/9.3.1/../../../../arm-none-eabi/lib/thumb/v7-m/nofp/libc_nano.a(lib_a-exit.o) (_exit)

[...]
Memory Configuration

Name             Origin             Length             Attributes
RAM              0x0000000020000000 0x0000000000005000 xrw
FLASH            0x0000000008000000 0x0000000000010000 xr
*default*        0x0000000000000000 0xffffffffffffffff

Linker script and memory map

LOAD /opt/st/stm32cubeide_1.6.1/plugins/com.st.stm32cube.ide.mcu.externaltools.gnu-tools-for-stm32.9-2020-q2-update.linux64_1.5.0.202011040924/tools/bin/../lib/gcc/arm-none-eabi/9.3.1/thumb/v7-m/nofp/crti.o
LOAD /opt/st/stm32cubeide_1.6.1/plugins/com.st.stm32cube.ide.mcu.externaltools.gnu-tools-for-stm32.9-2020-q2-update.linux64_1.5.0.202011040924/tools/bin/../lib/gcc/arm-none-eabi/9.3.1/thumb/v7-m/nofp/crtbegin.o
LOAD /opt/st/stm32cubeide_1.6.1/plugins/com.st.stm32cube.ide.mcu.externaltools.gnu-tools-for-stm32.9-2020-q2-update.linux64_1.5.0.202011040924/tools/bin/../lib/gcc/arm-none-eabi/9.3.1/../../../../arm-none-eabi/lib/thumb/v7-m/nofp/crt0.o
LOAD Core/Src/ctrl.o
LOAD Core/Src/main.o
LOAD Core/Src/queue.o
LOAD Core/Src/stm32f1xx_hal_msp.o
LOAD Core/Src/stm32f1xx_it.o
LOAD Core/Src/system_stm32f1xx.o
LOAD Core/Src/timestamp.o
LOAD Core/Src/vl53l0x.o
LOAD Core/Src/weightedavg.o
LOAD Core/Src/wire.o
LOAD Core/Startup/startup_stm32f103c8tx.o
LOAD Drivers/STM32F1xx_HAL_Driver/Src/stm32f1xx_hal.o
LOAD Drivers/STM32F1xx_HAL_Driver/Src/stm32f1xx_hal_adc.o
LOAD Drivers/STM32F1xx_HAL_Driver/Src/stm32f1xx_hal_adc_ex.o
LOAD Drivers/STM32F1xx_HAL_Driver/Src/stm32f1xx_hal_cortex.o
LOAD Drivers/STM32F1xx_HAL_Driver/Src/stm32f1xx_hal_dma.o
LOAD Drivers/STM32F1xx_HAL_Driver/Src/stm32f1xx_hal_exti.o
LOAD Drivers/STM32F1xx_HAL_Driver/Src/stm32f1xx_hal_flash.o
LOAD Drivers/STM32F1xx_HAL_Driver/Src/stm32f1xx_hal_flash_ex.o
LOAD Drivers/STM32F1xx_HAL_Driver/Src/stm32f1xx_hal_gpio.o
LOAD Drivers/STM32F1xx_HAL_Driver/Src/stm32f1xx_hal_gpio_ex.o
LOAD Drivers/STM32F1xx_HAL_Driver/Src/stm32f1xx_hal_pwr.o
LOAD Drivers/STM32F1xx_HAL_Driver/Src/stm32f1xx_hal_rcc.o
LOAD Drivers/STM32F1xx_HAL_Driver/Src/stm32f1xx_hal_rcc_ex.o
LOAD Drivers/STM32F1xx_HAL_Driver/Src/stm32f1xx_hal_tim.o
LOAD Drivers/STM32F1xx_HAL_Driver/Src/stm32f1xx_hal_tim_ex.o
LOAD Drivers/STM32F1xx_HAL_Driver/Src/stm32f1xx_hal_uart.o
START GROUP
LOAD /opt/st/stm32cubeide_1.6.1/plugins/com.st.stm32cube.ide.mcu.externaltools.gnu-tools-for-stm32.9-2020-q2-update.linux64_1.5.0.202011040924/tools/bin/../lib/gcc/arm-none-eabi/9.3.1/../../../../arm-none-eabi/lib/thumb/v7-m/nofp/libc_nano.a
LOAD /opt/st/stm32cubeide_1.6.1/plugins/com.st.stm32cube.ide.mcu.externaltools.gnu-tools-for-stm32.9-2020-q2-update.linux64_1.5.0.202011040924/tools/bin/../lib/gcc/arm-none-eabi/9.3.1/../../../../arm-none-eabi/lib/thumb/v7-m/nofp/libm.a
END GROUP
START GROUP
LOAD /opt/st/stm32cubeide_1.6.1/plugins/com.st.stm32cube.ide.mcu.externaltools.gnu-tools-for-stm32.9-2020-q2-update.linux64_1.5.0.202011040924/tools/bin/../lib/gcc/arm-none-eabi/9.3.1/thumb/v7-m/nofp/libgcc.a
LOAD /opt/st/stm32cubeide_1.6.1/plugins/com.st.stm32cube.ide.mcu.externaltools.gnu-tools-for-stm32.9-2020-q2-update.linux64_1.5.0.202011040924/tools/bin/../lib/gcc/arm-none-eabi/9.3.1/../../../../arm-none-eabi/lib/thumb/v7-m/nofp/libc_nano.a
END GROUP
START GROUP
LOAD /opt/st/stm32cubeide_1.6.1/plugins/com.st.stm32cube.ide.mcu.externaltools.gnu-tools-for-stm32.9-2020-q2-update.linux64_1.5.0.202011040924/tools/bin/../lib/gcc/arm-none-eabi/9.3.1/thumb/v7-m/nofp/libgcc.a
LOAD /opt/st/stm32cubeide_1.6.1/plugins/com.st.stm32cube.ide.mcu.externaltools.gnu-tools-for-stm32.9-2020-q2-update.linux64_1.5.0.202011040924/tools/bin/../lib/gcc/arm-none-eabi/9.3.1/../../../../arm-none-eabi/lib/thumb/v7-m/nofp/libc_nano.a
LOAD /opt/st/stm32cubeide_1.6.1/plugins/com.st.stm32cube.ide.mcu.externaltools.gnu-tools-for-stm32.9-2020-q2-update.linux64_1.5.0.202011040924/tools/bin/../lib/gcc/arm-none-eabi/9.3.1/../../../../arm-none-eabi/lib/thumb/v7-m/nofp/libnosys.a
END GROUP
START GROUP
LOAD /opt/st/stm32cubeide_1.6.1/plugins/com.st.stm32cube.ide.mcu.externaltools.gnu-tools-for-stm32.9-2020-q2-update.linux64_1.5.0.202011040924/tools/bin/../lib/gcc/arm-none-eabi/9.3.1/thumb/v7-m/nofp/libgcc.a
LOAD /opt/st/stm32cubeide_1.6.1/plugins/com.st.stm32cube.ide.mcu.externaltools.gnu-tools-for-stm32.9-2020-q2-update.linux64_1.5.0.202011040924/tools/bin/../lib/gcc/arm-none-eabi/9.3.1/../../../../arm-none-eabi/lib/thumb/v7-m/nofp/libc_nano.a
LOAD /opt/st/stm32cubeide_1.6.1/plugins/com.st.stm32cube.ide.mcu.externaltools.gnu-tools-for-stm32.9-2020-q2-update.linux64_1.5.0.202011040924/tools/bin/../lib/gcc/arm-none-eabi/9.3.1/../../../../arm-none-eabi/lib/thumb/v7-m/nofp/libnosys.a
END GROUP
LOAD /opt/st/stm32cubeide_1.6.1/plugins/com.st.stm32cube.ide.mcu.externaltools.gnu-tools-for-stm32.9-2020-q2-update.linux64_1.5.0.202011040924/tools/bin/../lib/gcc/arm-none-eabi/9.3.1/thumb/v7-m/nofp/crtend.o
LOAD /opt/st/stm32cubeide_1.6.1/plugins/com.st.stm32cube.ide.mcu.externaltools.gnu-tools-for-stm32.9-2020-q2-update.linux64_1.5.0.202011040924/tools/bin/../lib/gcc/arm-none-eabi/9.3.1/thumb/v7-m/nofp/crtn.o
                0x0000000020005000                _estack = (ORIGIN (RAM) + LENGTH (RAM))
                0x0000000000000200                _Min_Heap_Size = 0x200
                0x0000000000000400                _Min_Stack_Size = 0x400

.isr_vector     0x0000000008000000      0x10c
                0x0000000008000000                . = ALIGN (0x4)
 *(.isr_vector)
 .isr_vector    0x0000000008000000      0x10c Core/Startup/startup_stm32f103c8tx.o
                0x0000000008000000                g_pfnVectors
                0x000000000800010c                . = ALIGN (0x4)

.text           0x0000000008000110     0x6d88
                0x0000000008000110                . = ALIGN (0x4)
 *(.text)
 .text          0x0000000008000110       0x40 /opt/st/stm32cubeide_1.6.1/plugins/com.st.stm32cube.ide.mcu.externaltools.gnu-tools-for-stm32.9-2020-q2-update.linux64_1.5.0.202011040924/tools/bin/../lib/gcc/arm-none-eabi/9.3.1/thumb/v7-m/nofp/crtbegin.o
 .text          0x0000000008000150      0x378 /opt/st/stm32cubeide_1.6.1/plugins/com.st.stm32cube.ide.mcu.externaltools.gnu-tools-for-stm32.9-2020-q2-update.linux64_1.5.0.202011040924/tools/bin/../lib/gcc/arm-none-eabi/9.3.1/thumb/v7-m/nofp/libgcc.a(_arm_addsubdf3.o)
                0x0000000008000150                __aeabi_drsub
                0x0000000008000158                __aeabi_dsub
                0x0000000008000158                __subdf3
                0x000000000800015c                __adddf3
                0x000000000800015c                __aeabi_dadd
                0x00000000080003d4                __aeabi_ui2d
                0x00000000080003d4                __floatunsidf
                0x00000000080003f4                __floatsidf
                0x00000000080003f4                __aeabi_i2d
                0x0000000008000418                __extendsfdf2
                0x0000000008000418                __aeabi_f2d
                0x000000000800045c                __aeabi_ul2d
                0x000000000800045c                __floatundidf
                0x000000000800046c                __floatdidf
                0x000000000800046c                __aeabi_l2d
 .text          0x00000000080004c8      0x110 /opt/st/stm32cubeide_1.6.1/plugins/com.st.stm32cube.ide.mcu.externaltools.gnu-tools-for-stm32.9-2020-q2-update.linux64_1.5.0.202011040924/tools/bin/../lib/gcc/arm-none-eabi/9.3.1/thumb/v7-m/nofp/libgcc.a(_arm_cmpdf2.o)
                0x00000000080004c8                __gtdf2
                0x00000000080004c8                __gedf2
                0x00000000080004d0                __ltdf2
                0x00000000080004d0                __ledf2
                0x00000000080004d8                __cmpdf2
                0x00000000080004d8                __eqdf2
                0x00000000080004d8                __nedf2
                0x0000000008000554                __aeabi_cdrcmple
                0x0000000008000564                __aeabi_cdcmple
                0x0000000008000564                __aeabi_cdcmpeq
                0x0000000008000574                __aeabi_dcmpeq
                0x0000000008000588                __aeabi_dcmplt
                0x000000000800059c                __aeabi_dcmple
                0x00000000080005b0                __aeabi_dcmpge
                0x00000000080005c4                __aeabi_dcmpgt
 .text          0x00000000080005d8      0x21c /opt/st/stm32cubeide_1.6.1/plugins/com.st.stm32cube.ide.mcu.externaltools.gnu-tools-for-stm32.9-2020-q2-update.linux64_1.5.0.202011040924/tools/bin/../lib/gcc/arm-none-eabi/9.3.1/thumb/v7-m/nofp/libgcc.a(_arm_addsubsf3.o)
                0x00000000080005d8                __aeabi_frsub
                0x00000000080005e0                __subsf3
                0x00000000080005e0                __aeabi_fsub
                0x00000000080005e4                __aeabi_fadd
                0x00000000080005e4                __addsf3
                0x0000000008000744                __aeabi_ui2f
                0x0000000008000744                __floatunsisf
                0x000000000800074c                __aeabi_i2f
                0x000000000800074c                __floatsisf
                0x0000000008000768                __floatundisf
                0x0000000008000768                __aeabi_ul2f
                0x0000000008000778                __floatdisf
                0x0000000008000778                __aeabi_l2f
 .text          0x00000000080007f4      0x2a0 /opt/st/stm32cubeide_1.6.1/plugins/com.st.stm32cube.ide.mcu.externaltools.gnu-tools-for-stm32.9-2020-q2-update.linux64_1.5.0.202011040924/tools/bin/../lib/gcc/arm-none-eabi/9.3.1/thumb/v7-m/nofp/libgcc.a(_arm_muldivsf3.o)
                0x00000000080007f4                __mulsf3
                0x00000000080007f4                __aeabi_fmul
                0x000000000800095c                __divsf3
                0x000000000800095c                __aeabi_fdiv
 .text          0x0000000008000a94       0xec /opt/st/stm32cubeide_1.6.1/plugins/com.st.stm32cube.ide.mcu.externaltools.gnu-tools-for-stm32.9-2020-q2-update.linux64_1.5.0.202011040924/tools/bin/../lib/gcc/arm-none-eabi/9.3.1/thumb/v7-m/nofp/libgcc.a(_arm_cmpsf2.o)
                0x0000000008000a94                __gtsf2
                0x0000000008000a94                __gesf2
                0x0000000008000a9c                __lesf2
                0x0000000008000a9c                __ltsf2
                0x0000000008000aa4                __nesf2
                0x0000000008000aa4                __eqsf2
                0x0000000008000aa4                __cmpsf2
                0x0000000008000b04                __aeabi_cfrcmple
                0x0000000008000b0c                __aeabi_cfcmple
                0x0000000008000b0c                __aeabi_cfcmpeq
                0x0000000008000b1c                __aeabi_fcmpeq
                0x0000000008000b30                __aeabi_fcmplt
                0x0000000008000b44                __aeabi_fcmple
                0x0000000008000b58                __aeabi_fcmpge
                0x0000000008000b6c                __aeabi_fcmpgt
 .text          0x0000000008000b80       0x4c /opt/st/stm32cubeide_1.6.1/plugins/com.st.stm32cube.ide.mcu.externaltools.gnu-tools-for-stm32.9-2020-q2-update.linux64_1.5.0.202011040924/tools/bin/../lib/gcc/arm-none-eabi/9.3.1/thumb/v7-m/nofp/libgcc.a(_arm_fixsfsi.o)
                0x0000000008000b80                __fixsfsi
                0x0000000008000b80                __aeabi_f2iz
 .text          0x0000000008000bcc       0x40 /opt/st/stm32cubeide_1.6.1/plugins/com.st.stm32cube.ide.mcu.externaltools.gnu-tools-for-stm32.9-2020-q2-update.linux64_1.5.0.202011040924/tools/bin/../lib/gcc/arm-none-eabi/9.3.1/thumb/v7-m/nofp/libgcc.a(_arm_fixunssfsi.o)
                0x0000000008000bcc                __aeabi_f2uiz
                0x0000000008000bcc                __fixunssfsi
 *(.text*)
 .text.CTRL_Init
                0x0000000008000c0c       0x4a Core/Src/ctrl.o
                0x0000000008000c0c                CTRL_Init
 .text.CTRL_Calculate
                0x0000000008000c56      0x144 Core/Src/ctrl.o
                0x0000000008000c56                CTRL_Calculate
 *fill*         0x0000000008000d9a        0x2 
 .text.ISR_ENCODER0
                0x0000000008000d9c       0x1c Core/Src/main.o
                0x0000000008000d9c                ISR_ENCODER0
 .text.ISR_ENCODER1
                0x0000000008000db8       0x1c Core/Src/main.o
                0x0000000008000db8                ISR_ENCODER1
 .text.ISR_DMA  0x0000000008000dd4        0xc Core/Src/main.o
                0x0000000008000dd4                ISR_DMA
 .text.ISR_CTRL
                0x0000000008000de0        0xc Core/Src/main.o
                0x0000000008000de0                ISR_CTRL
 .text.main     0x0000000008000dec      0x260 Core/Src/main.o
                0x0000000008000dec                main
 .text.SystemClock_Config
                0x000000000800104c       0xb6 Core/Src/main.o
                0x000000000800104c                SystemClock_Config
 *fill*         0x0000000008001102        0x2 
 .text.MX_ADC1_Init
                0x0000000008001104      0x184 Core/Src/main.o
 .text.MX_TIM1_Init
                0x0000000008001288       0xa0 Core/Src/main.o
 .text.MX_TIM2_Init
                0x0000000008001328       0xa4 Core/Src/main.o
 .text.MX_TIM3_Init
                0x00000000080013cc      0x150 Core/Src/main.o
 .text.MX_TIM4_Init
                0x000000000800151c       0xa8 Core/Src/main.o
 .text.MX_USART3_UART_Init
                0x00000000080015c4       0x54 Core/Src/main.o
 .text.MX_DMA_Init
                0x0000000008001618       0x3c Core/Src/main.o
 .text.MX_GPIO_Init
                0x0000000008001654      0x188 Core/Src/main.o
 .text.Powertrain_Init
                0x00000000080017dc       0x16 Core/Src/main.o
                0x00000000080017dc                Powertrain_Init
 *fill*         0x00000000080017f2        0x2 
 .text.Powertrain_EnableMotors
                0x00000000080017f4       0x24 Core/Src/main.o
                0x00000000080017f4                Powertrain_EnableMotors
 .text.Powertrain_SetDutycycles
                0x0000000008001818      0x138 Core/Src/main.o
                0x0000000008001818                Powertrain_SetDutycycles
 .text.calibrateFiler
                0x0000000008001950       0x94 Core/Src/main.o
                0x0000000008001950                calibrateFiler
 .text.validate
                0x00000000080019e4       0x78 Core/Src/main.o
                0x00000000080019e4                validate
 .text.followTrack
                0x0000000008001a5c      0x164 Core/Src/main.o
                0x0000000008001a5c                followTrack
 .text.turn     0x0000000008001bc0       0x8c Core/Src/main.o
                0x0000000008001bc0                turn
 .text.goStraight
                0x0000000008001c4c       0xc0 Core/Src/main.o
                0x0000000008001c4c                goStraight
 .text.obstacleSequence
                0x0000000008001d0c       0xbc Core/Src/main.o
                0x0000000008001d0c                obstacleSequence
 .text.interruptionSequence
                0x0000000008001dc8       0xe0 Core/Src/main.o
                0x0000000008001dc8                interruptionSequence
 .text.checkforOilspill
                0x0000000008001ea8       0x74 Core/Src/main.o
                0x0000000008001ea8                checkforOilspill
 .text.Error_Handler
                0x0000000008001f1c        0xc Core/Src/main.o
                0x0000000008001f1c                Error_Handler
 .text.QUEUE_Init
                0x0000000008001f28       0x38 Core/Src/queue.o
                0x0000000008001f28                QUEUE_Init
 .text.QUEUE_IsFull
                0x0000000008001f60       0x24 Core/Src/queue.o
                0x0000000008001f60                QUEUE_IsFull
 .text.QUEUE_IsEmpty
                0x0000000008001f84       0x20 Core/Src/queue.o
                0x0000000008001f84                QUEUE_IsEmpty
 .text.QUEUE_Push
                0x0000000008001fa4       0x46 Core/Src/queue.o
                0x0000000008001fa4                QUEUE_Push
 .text.QUEUE_Pop
                0x0000000008001fea       0x44 Core/Src/queue.o
                0x0000000008001fea                QUEUE_Pop
 .text.QUEUE_Size
                0x000000000800202e       0x16 Core/Src/queue.o
                0x000000000800202e                QUEUE_Size
 .text.HAL_MspInit
                0x0000000008002044       0x64 Core/Src/stm32f1xx_hal_msp.o
                0x0000000008002044                HAL_MspInit
 .text.HAL_ADC_MspInit
                0x00000000080020a8       0xd0 Core/Src/stm32f1xx_hal_msp.o
                0x00000000080020a8                HAL_ADC_MspInit
 .text.HAL_TIM_Base_MspInit
                0x0000000008002178       0xd0 Core/Src/stm32f1xx_hal_msp.o
                0x0000000008002178                HAL_TIM_Base_MspInit
 .text.HAL_TIM_MspPostInit
                0x0000000008002248       0x8c Core/Src/stm32f1xx_hal_msp.o
                0x0000000008002248                HAL_TIM_MspPostInit
 .text.HAL_UART_MspInit
                0x00000000080022d4       0x98 Core/Src/stm32f1xx_hal_msp.o
                0x00000000080022d4                HAL_UART_MspInit
 .text.NMI_Handler
                0x000000000800236c        0xc Core/Src/stm32f1xx_it.o
                0x000000000800236c                NMI_Handler
 .text.HardFault_Handler
                0x0000000008002378        0x6 Core/Src/stm32f1xx_it.o
                0x0000000008002378                HardFault_Handler
 .text.MemManage_Handler
                0x000000000800237e        0x6 Core/Src/stm32f1xx_it.o
                0x000000000800237e                MemManage_Handler
 .text.BusFault_Handler
                0x0000000008002384        0x6 Core/Src/stm32f1xx_it.o
                0x0000000008002384                BusFault_Handler
 .text.UsageFault_Handler
                0x000000000800238a        0x6 Core/Src/stm32f1xx_it.o
                0x000000000800238a                UsageFault_Handler
 .text.SVC_Handler
                0x0000000008002390        0xc Core/Src/stm32f1xx_it.o
                0x0000000008002390                SVC_Handler
 .text.DebugMon_Handler
                0x000000000800239c        0xc Core/Src/stm32f1xx_it.o
                0x000000000800239c                DebugMon_Handler
 .text.PendSV_Handler
                0x00000000080023a8        0xc Core/Src/stm32f1xx_it.o
                0x00000000080023a8                PendSV_Handler
 .text.SysTick_Handler
                0x00000000080023b4        0xc Core/Src/stm32f1xx_it.o
                0x00000000080023b4                SysTick_Handler
 .text.DMA1_Channel1_IRQHandler
                0x00000000080023c0       0x18 Core/Src/stm32f1xx_it.o
                0x00000000080023c0                DMA1_Channel1_IRQHandler
 .text.TIM2_IRQHandler
                0x00000000080023d8       0x14 Core/Src/stm32f1xx_it.o
                0x00000000080023d8                TIM2_IRQHandler
 .text.TIM4_IRQHandler
                0x00000000080023ec       0x18 Core/Src/stm32f1xx_it.o
                0x00000000080023ec                TIM4_IRQHandler
 .text.EXTI15_10_IRQHandler
                0x0000000008002404       0x3c Core/Src/stm32f1xx_it.o
                0x0000000008002404                EXTI15_10_IRQHandler
 .text.SystemInit
                0x0000000008002440        0xc Core/Src/system_stm32f1xx.o
                0x0000000008002440                SystemInit
 .text.startTimeout
                0x000000000800244c       0x1c Core/Src/vl53l0x.o
                0x000000000800244c                startTimeout
 .text.checkTimeoutExpired
                0x0000000008002468       0x3c Core/Src/vl53l0x.o
                0x0000000008002468                checkTimeoutExpired
 .text.readReg  0x00000000080024a4       0x62 Core/Src/vl53l0x.o
                0x00000000080024a4                readReg
 .text.writeReg
                0x0000000008002506       0x58 Core/Src/vl53l0x.o
                0x0000000008002506                writeReg
 .text.readReg16Bit
                0x000000000800255e       0x7e Core/Src/vl53l0x.o
                0x000000000800255e                readReg16Bit
 .text.writeReg16Bit
                0x00000000080025dc       0x6e Core/Src/vl53l0x.o
                0x00000000080025dc                writeReg16Bit
 .text.readMulti
                0x000000000800264a       0x86 Core/Src/vl53l0x.o
                0x000000000800264a                readMulti
 .text.writeMulti
                0x00000000080026d0       0x6c Core/Src/vl53l0x.o
                0x00000000080026d0                writeMulti
 .text.getSpadInfo
                0x000000000800273c      0x140 Core/Src/vl53l0x.o
                0x000000000800273c                getSpadInfo
 .text.getSequenceStepEnables
                0x000000000800287c       0x96 Core/Src/vl53l0x.o
                0x000000000800287c                getSequenceStepEnables
 .text.decodeVcselPeriod
                0x0000000008002912       0x1e Core/Src/vl53l0x.o
                0x0000000008002912                decodeVcselPeriod
 .text.calcMacroPeriod
                0x0000000008002930       0x30 Core/Src/vl53l0x.o
                0x0000000008002930                calcMacroPeriod
 .text.timeoutMclksToMicroseconds
                0x0000000008002960       0x3c Core/Src/vl53l0x.o
                0x0000000008002960                timeoutMclksToMicroseconds
 .text.getVcselPulsePeriod
                0x000000000800299c       0x4a Core/Src/vl53l0x.o
                0x000000000800299c                getVcselPulsePeriod
 .text.decodeTimeout
                0x00000000080029e6       0x26 Core/Src/vl53l0x.o
                0x00000000080029e6                decodeTimeout
 .text.getSequenceStepTimeouts
                0x0000000008002a0c       0xd8 Core/Src/vl53l0x.o
                0x0000000008002a0c                getSequenceStepTimeouts
 .text.timeoutMicrosecondsToMclks
                0x0000000008002ae4       0x34 Core/Src/vl53l0x.o
                0x0000000008002ae4                timeoutMicrosecondsToMclks
 .text.encodeTimeout
                0x0000000008002b18       0x54 Core/Src/vl53l0x.o
                0x0000000008002b18                encodeTimeout
 .text.getMeasurementTimingBudget
                0x0000000008002b6c       0xce Core/Src/vl53l0x.o
                0x0000000008002b6c                getMeasurementTimingBudget
 .text.performSingleRefCalibration
                0x0000000008002c3a       0x56 Core/Src/vl53l0x.o
                0x0000000008002c3a                performSingleRefCalibration
 .text.readRangeContinuousMillimeters
                0x0000000008002c90       0x5a Core/Src/vl53l0x.o
                0x0000000008002c90                readRangeContinuousMillimeters
 .text.VL53_Init
                0x0000000008002cea      0x598 Core/Src/vl53l0x.o
                0x0000000008002cea                VL53_Init
 .text.VL53_SetTimeout
                0x0000000008003282       0x1c Core/Src/vl53l0x.o
                0x0000000008003282                VL53_SetTimeout
 *fill*         0x000000000800329e        0x2 
 .text.VL53_SetSignalRateLimit
                0x00000000080032a0       0x68 Core/Src/vl53l0x.o
                0x00000000080032a0                VL53_SetSignalRateLimit
 .text.VL53_SetMeasurementTimingBudget
                0x0000000008003308      0x124 Core/Src/vl53l0x.o
                0x0000000008003308                VL53_SetMeasurementTimingBudget
 .text.VL53_TimeoutOccured
                0x000000000800342c       0x20 Core/Src/vl53l0x.o
                0x000000000800342c                VL53_TimeoutOccured
 .text.VL53_ReadRangeSingle_mm
                0x000000000800344c       0x9e Core/Src/vl53l0x.o
                0x000000000800344c                VL53_ReadRangeSingle_mm
 .text.WEIGHTEDAVG_Init
                0x00000000080034ea       0x8a Core/Src/weightedavg.o
                0x00000000080034ea                WEIGHTEDAVG_Init
 .text.WEIGHTEDAVG_Invert
                0x0000000008003574       0x1e Core/Src/weightedavg.o
                0x0000000008003574                WEIGHTEDAVG_Invert
 .text.WEIGHTEDAVG_SetData
                0x0000000008003592       0x1a Core/Src/weightedavg.o
                0x0000000008003592                WEIGHTEDAVG_SetData
 .text.WEIGHTEDAVG_Calibrate
                0x00000000080035ac       0x7e Core/Src/weightedavg.o
                0x00000000080035ac                WEIGHTEDAVG_Calibrate
 .text.WEIGHTEDAVG_AddSamples
                0x000000000800362a      0x170 Core/Src/weightedavg.o
                0x000000000800362a                WEIGHTEDAVG_AddSamples
 .text.WEIGHTEDAVG_Process
                0x000000000800379a       0x3a Core/Src/weightedavg.o
                0x000000000800379a                WEIGHTEDAVG_Process
 .text.WIRE_Init
                0x00000000080037d4       0x44 Core/Src/wire.o
                0x00000000080037d4                WIRE_Init
 .text.setBit   0x0000000008003818       0x20 Core/Src/wire.o
                0x0000000008003818                setBit
 .text.resetBit
                0x0000000008003838       0x20 Core/Src/wire.o
                0x0000000008003838                resetBit
 .text.gpioReadBit
                0x0000000008003858       0x20 Core/Src/wire.o
                0x0000000008003858                gpioReadBit
 .text.wait     0x0000000008003878       0x2a Core/Src/wire.o
                0x0000000008003878                wait
 .text.sdaInit  0x00000000080038a2       0x3e Core/Src/wire.o
                0x00000000080038a2                sdaInit
 .text.sclInit  0x00000000080038e0       0x2e Core/Src/wire.o
                0x00000000080038e0                sclInit
 .text.sdaHigh  0x000000000800390e       0x20 Core/Src/wire.o
                0x000000000800390e                sdaHigh
 .text.sdaLow   0x000000000800392e       0x20 Core/Src/wire.o
                0x000000000800392e                sdaLow
 .text.sdaOut   0x000000000800394e       0x28 Core/Src/wire.o
                0x000000000800394e                sdaOut
 .text.sclHigh  0x0000000008003976       0x20 Core/Src/wire.o
                0x0000000008003976                sclHigh
 .text.sclLow   0x0000000008003996       0x20 Core/Src/wire.o
                0x0000000008003996                sclLow
 .text.sclCycle
                0x00000000080039b6       0x26 Core/Src/wire.o
                0x00000000080039b6                sclCycle
 .text.startCondition
                0x00000000080039dc       0x3e Core/Src/wire.o
                0x00000000080039dc                startCondition
 .text.stopCondition
                0x0000000008003a1a       0x38 Core/Src/wire.o
                0x0000000008003a1a                stopCondition
 .text.sdaRead  0x0000000008003a52       0x22 Core/Src/wire.o
                0x0000000008003a52                sdaRead
 .text.isAck    0x0000000008003a74       0x88 Core/Src/wire.o
                0x0000000008003a74                isAck
 .text.WIRE_Begin
                0x0000000008003afc       0x2a Core/Src/wire.o
                0x0000000008003afc                WIRE_Begin
 .text.WIRE_BeginTransmission
                0x0000000008003b26       0x50 Core/Src/wire.o
                0x0000000008003b26                WIRE_BeginTransmission
 .text.WIRE_WriteByte
                0x0000000008003b76       0x4e Core/Src/wire.o
                0x0000000008003b76                WIRE_WriteByte
 .text.WIRE_EndTransmission
                0x0000000008003bc4      0x13c Core/Src/wire.o
                0x0000000008003bc4                WIRE_EndTransmission
 .text.WIRE_RequestFrom
                0x0000000008003d00      0x20a Core/Src/wire.o
                0x0000000008003d00                WIRE_RequestFrom
 .text.WIRE_Read
                0x0000000008003f0a       0x36 Core/Src/wire.o
                0x0000000008003f0a                WIRE_Read
 .text.Reset_Handler
                0x0000000008003f40       0x48 Core/Startup/startup_stm32f103c8tx.o
                0x0000000008003f40                Reset_Handler
 .text.Default_Handler
                0x0000000008003f88        0x2 Core/Startup/startup_stm32f103c8tx.o
                0x0000000008003f88                RTC_Alarm_IRQHandler
                0x0000000008003f88                EXTI2_IRQHandler
                0x0000000008003f88                TIM1_CC_IRQHandler
                0x0000000008003f88                PVD_IRQHandler
                0x0000000008003f88                EXTI3_IRQHandler
                0x0000000008003f88                EXTI0_IRQHandler
                0x0000000008003f88                I2C2_EV_IRQHandler
                0x0000000008003f88                ADC1_2_IRQHandler
                0x0000000008003f88                SPI1_IRQHandler
                0x0000000008003f88                TAMPER_IRQHandler
                0x0000000008003f88                DMA1_Channel4_IRQHandler
                0x0000000008003f88                USART3_IRQHandler
                0x0000000008003f88                RTC_IRQHandler
                0x0000000008003f88                DMA1_Channel7_IRQHandler
                0x0000000008003f88                CAN1_RX1_IRQHandler
                0x0000000008003f88                I2C1_EV_IRQHandler
                0x0000000008003f88                DMA1_Channel6_IRQHandler
                0x0000000008003f88                TIM3_IRQHandler
                0x0000000008003f88                RCC_IRQHandler
                0x0000000008003f88                TIM1_TRG_COM_IRQHandler
                0x0000000008003f88                Default_Handler
                0x0000000008003f88                EXTI9_5_IRQHandler
                0x0000000008003f88                SPI2_IRQHandler
                0x0000000008003f88                DMA1_Channel5_IRQHandler
                0x0000000008003f88                EXTI4_IRQHandler
                0x0000000008003f88                USB_LP_CAN1_RX0_IRQHandler
                0x0000000008003f88                USB_HP_CAN1_TX_IRQHandler
                0x0000000008003f88                DMA1_Channel3_IRQHandler
                0x0000000008003f88                TIM1_UP_IRQHandler
                0x0000000008003f88                WWDG_IRQHandler
                0x0000000008003f88                TIM1_BRK_IRQHandler
                0x0000000008003f88                EXTI1_IRQHandler
                0x0000000008003f88                USART2_IRQHandler
                0x0000000008003f88                I2C2_ER_IRQHandler
                0x0000000008003f88                DMA1_Channel2_IRQHandler
                0x0000000008003f88                CAN1_SCE_IRQHandler
                0x0000000008003f88                FLASH_IRQHandler
                0x0000000008003f88                USART1_IRQHandler
                0x0000000008003f88                I2C1_ER_IRQHandler
                0x0000000008003f88                USBWakeUp_IRQHandler
 *fill*         0x0000000008003f8a        0x2 
 .text.HAL_Init
                0x0000000008003f8c       0x2c Drivers/STM32F1xx_HAL_Driver/Src/stm32f1xx_hal.o
                0x0000000008003f8c                HAL_Init
 .text.HAL_InitTick
                0x0000000008003fb8       0x60 Drivers/STM32F1xx_HAL_Driver/Src/stm32f1xx_hal.o
                0x0000000008003fb8                HAL_InitTick
 .text.HAL_IncTick
                0x0000000008004018       0x24 Drivers/STM32F1xx_HAL_Driver/Src/stm32f1xx_hal.o
                0x0000000008004018                HAL_IncTick
 .text.HAL_GetTick
                0x000000000800403c       0x14 Drivers/STM32F1xx_HAL_Driver/Src/stm32f1xx_hal.o
                0x000000000800403c                HAL_GetTick
 .text.HAL_Delay
                0x0000000008004050       0x48 Drivers/STM32F1xx_HAL_Driver/Src/stm32f1xx_hal.o
                0x0000000008004050                HAL_Delay
 .text.HAL_ADC_Init
                0x0000000008004098      0x1b0 Drivers/STM32F1xx_HAL_Driver/Src/stm32f1xx_hal_adc.o
                0x0000000008004098                HAL_ADC_Init
 .text.HAL_ADC_Start_DMA
                0x0000000008004248      0x1bc Drivers/STM32F1xx_HAL_Driver/Src/stm32f1xx_hal_adc.o
                0x0000000008004248                HAL_ADC_Start_DMA
 .text.HAL_ADC_ConvCpltCallback
                0x0000000008004404       0x12 Drivers/STM32F1xx_HAL_Driver/Src/stm32f1xx_hal_adc.o
                0x0000000008004404                HAL_ADC_ConvCpltCallback
 .text.HAL_ADC_ConvHalfCpltCallback
                0x0000000008004416       0x12 Drivers/STM32F1xx_HAL_Driver/Src/stm32f1xx_hal_adc.o
                0x0000000008004416                HAL_ADC_ConvHalfCpltCallback
 .text.HAL_ADC_ErrorCallback
                0x0000000008004428       0x12 Drivers/STM32F1xx_HAL_Driver/Src/stm32f1xx_hal_adc.o
                0x0000000008004428                HAL_ADC_ErrorCallback
 *fill*         0x000000000800443a        0x2 
 .text.HAL_ADC_ConfigChannel
                0x000000000800443c      0x1f0 Drivers/STM32F1xx_HAL_Driver/Src/stm32f1xx_hal_adc.o
                0x000000000800443c                HAL_ADC_ConfigChannel
 .text.HAL_ADC_AnalogWDGConfig
                0x000000000800462c       0xac Drivers/STM32F1xx_HAL_Driver/Src/stm32f1xx_hal_adc.o
                0x000000000800462c                HAL_ADC_AnalogWDGConfig
 .text.ADC_Enable
                0x00000000080046d8       0xa4 Drivers/STM32F1xx_HAL_Driver/Src/stm32f1xx_hal_adc.o
                0x00000000080046d8                ADC_Enable
 .text.ADC_ConversionStop_Disable
                0x000000000800477c       0x74 Drivers/STM32F1xx_HAL_Driver/Src/stm32f1xx_hal_adc.o
                0x000000000800477c                ADC_ConversionStop_Disable
 .text.ADC_DMAConvCplt
                0x00000000080047f0       0x7c Drivers/STM32F1xx_HAL_Driver/Src/stm32f1xx_hal_adc.o
                0x00000000080047f0                ADC_DMAConvCplt
 .text.ADC_DMAHalfConvCplt
                0x000000000800486c       0x1c Drivers/STM32F1xx_HAL_Driver/Src/stm32f1xx_hal_adc.o
                0x000000000800486c                ADC_DMAHalfConvCplt
 .text.ADC_DMAError
                0x0000000008004888       0x34 Drivers/STM32F1xx_HAL_Driver/Src/stm32f1xx_hal_adc.o
                0x0000000008004888                ADC_DMAError
 .text.__NVIC_SetPriorityGrouping
                0x00000000080048bc       0x48 Drivers/STM32F1xx_HAL_Driver/Src/stm32f1xx_hal_cortex.o
 .text.__NVIC_GetPriorityGrouping
                0x0000000008004904       0x1c Drivers/STM32F1xx_HAL_Driver/Src/stm32f1xx_hal_cortex.o
 .text.__NVIC_EnableIRQ
                0x0000000008004920       0x38 Drivers/STM32F1xx_HAL_Driver/Src/stm32f1xx_hal_cortex.o
 .text.__NVIC_SetPriority
                0x0000000008004958       0x54 Drivers/STM32F1xx_HAL_Driver/Src/stm32f1xx_hal_cortex.o
 .text.NVIC_EncodePriority
                0x00000000080049ac       0x64 Drivers/STM32F1xx_HAL_Driver/Src/stm32f1xx_hal_cortex.o
 .text.SysTick_Config
                0x0000000008004a10       0x44 Drivers/STM32F1xx_HAL_Driver/Src/stm32f1xx_hal_cortex.o
 .text.HAL_NVIC_SetPriorityGrouping
                0x0000000008004a54       0x16 Drivers/STM32F1xx_HAL_Driver/Src/stm32f1xx_hal_cortex.o
                0x0000000008004a54                HAL_NVIC_SetPriorityGrouping
 .text.HAL_NVIC_SetPriority
                0x0000000008004a6a       0x38 Drivers/STM32F1xx_HAL_Driver/Src/stm32f1xx_hal_cortex.o
                0x0000000008004a6a                HAL_NVIC_SetPriority
 .text.HAL_NVIC_EnableIRQ
                0x0000000008004aa2       0x1c Drivers/STM32F1xx_HAL_Driver/Src/stm32f1xx_hal_cortex.o
                0x0000000008004aa2                HAL_NVIC_EnableIRQ
 .text.HAL_SYSTICK_Config
                0x0000000008004abe       0x18 Drivers/STM32F1xx_HAL_Driver/Src/stm32f1xx_hal_cortex.o
                0x0000000008004abe                HAL_SYSTICK_Config
 *fill*         0x0000000008004ad6        0x2 
 .text.HAL_DMA_Init
                0x0000000008004ad8       0xb4 Drivers/STM32F1xx_HAL_Driver/Src/stm32f1xx_hal_dma.o
                0x0000000008004ad8                HAL_DMA_Init
 .text.HAL_DMA_Start_IT
                0x0000000008004b8c       0xbe Drivers/STM32F1xx_HAL_Driver/Src/stm32f1xx_hal_dma.o
                0x0000000008004b8c                HAL_DMA_Start_IT
 *fill*         0x0000000008004c4a        0x2 
 .text.HAL_DMA_IRQHandler
                0x0000000008004c4c      0x20c Drivers/STM32F1xx_HAL_Driver/Src/stm32f1xx_hal_dma.o
                0x0000000008004c4c                HAL_DMA_IRQHandler
 .text.DMA_SetConfig
                0x0000000008004e58       0x5a Drivers/STM32F1xx_HAL_Driver/Src/stm32f1xx_hal_dma.o
 *fill*         0x0000000008004eb2        0x2 
 .text.HAL_GPIO_Init
                0x0000000008004eb4      0x308 Drivers/STM32F1xx_HAL_Driver/Src/stm32f1xx_hal_gpio.o
                0x0000000008004eb4                HAL_GPIO_Init
 .text.HAL_GPIO_ReadPin
                0x00000000080051bc       0x2e Drivers/STM32F1xx_HAL_Driver/Src/stm32f1xx_hal_gpio.o
                0x00000000080051bc                HAL_GPIO_ReadPin
 .text.HAL_GPIO_WritePin
                0x00000000080051ea       0x30 Drivers/STM32F1xx_HAL_Driver/Src/stm32f1xx_hal_gpio.o
                0x00000000080051ea                HAL_GPIO_WritePin
 *fill*         0x000000000800521a        0x2 
 .text.HAL_GPIO_EXTI_IRQHandler
                0x000000000800521c       0x30 Drivers/STM32F1xx_HAL_Driver/Src/stm32f1xx_hal_gpio.o
                0x000000000800521c                HAL_GPIO_EXTI_IRQHandler
 .text.HAL_GPIO_EXTI_Callback
                0x000000000800524c       0x14 Drivers/STM32F1xx_HAL_Driver/Src/stm32f1xx_hal_gpio.o
                0x000000000800524c                HAL_GPIO_EXTI_Callback
 .text.HAL_RCC_OscConfig
                0x0000000008005260      0x500 Drivers/STM32F1xx_HAL_Driver/Src/stm32f1xx_hal_rcc.o
                0x0000000008005260                HAL_RCC_OscConfig
 .text.HAL_RCC_ClockConfig
                0x0000000008005760      0x1d4 Drivers/STM32F1xx_HAL_Driver/Src/stm32f1xx_hal_rcc.o
                0x0000000008005760                HAL_RCC_ClockConfig
 .text.HAL_RCC_GetSysClockFreq
                0x0000000008005934       0xc0 Drivers/STM32F1xx_HAL_Driver/Src/stm32f1xx_hal_rcc.o
                0x0000000008005934                HAL_RCC_GetSysClockFreq
 .text.HAL_RCC_GetHCLKFreq
                0x00000000080059f4       0x14 Drivers/STM32F1xx_HAL_Driver/Src/stm32f1xx_hal_rcc.o
                0x00000000080059f4                HAL_RCC_GetHCLKFreq
 .text.HAL_RCC_GetPCLK1Freq
                0x0000000008005a08       0x28 Drivers/STM32F1xx_HAL_Driver/Src/stm32f1xx_hal_rcc.o
                0x0000000008005a08                HAL_RCC_GetPCLK1Freq
 .text.HAL_RCC_GetPCLK2Freq
                0x0000000008005a30       0x28 Drivers/STM32F1xx_HAL_Driver/Src/stm32f1xx_hal_rcc.o
                0x0000000008005a30                HAL_RCC_GetPCLK2Freq
 .text.RCC_Delay
                0x0000000008005a58       0x3c Drivers/STM32F1xx_HAL_Driver/Src/stm32f1xx_hal_rcc.o
 .text.HAL_RCCEx_PeriphCLKConfig
                0x0000000008005a94      0x16c Drivers/STM32F1xx_HAL_Driver/Src/stm32f1xx_hal_rcc_ex.o
                0x0000000008005a94                HAL_RCCEx_PeriphCLKConfig
 .text.HAL_TIM_Base_Init
                0x0000000008005c00       0x9e Drivers/STM32F1xx_HAL_Driver/Src/stm32f1xx_hal_tim.o
                0x0000000008005c00                HAL_TIM_Base_Init
 *fill*         0x0000000008005c9e        0x2 
 .text.HAL_TIM_Base_Start_IT
                0x0000000008005ca0       0xa4 Drivers/STM32F1xx_HAL_Driver/Src/stm32f1xx_hal_tim.o
                0x0000000008005ca0                HAL_TIM_Base_Start_IT
 .text.HAL_TIM_PWM_Init
                0x0000000008005d44       0x9e Drivers/STM32F1xx_HAL_Driver/Src/stm32f1xx_hal_tim.o
                0x0000000008005d44                HAL_TIM_PWM_Init
 .text.HAL_TIM_PWM_MspInit
                0x0000000008005de2       0x12 Drivers/STM32F1xx_HAL_Driver/Src/stm32f1xx_hal_tim.o
                0x0000000008005de2                HAL_TIM_PWM_MspInit
 .text.HAL_TIM_PWM_Start
                0x0000000008005df4      0x144 Drivers/STM32F1xx_HAL_Driver/Src/stm32f1xx_hal_tim.o
                0x0000000008005df4                HAL_TIM_PWM_Start
 .text.HAL_TIM_IRQHandler
                0x0000000008005f38      0x210 Drivers/STM32F1xx_HAL_Driver/Src/stm32f1xx_hal_tim.o
                0x0000000008005f38                HAL_TIM_IRQHandler
 .text.HAL_TIM_PWM_ConfigChannel
                0x0000000008006148      0x17c Drivers/STM32F1xx_HAL_Driver/Src/stm32f1xx_hal_tim.o
                0x0000000008006148                HAL_TIM_PWM_ConfigChannel
 .text.HAL_TIM_ConfigClockSource
                0x00000000080062c4      0x188 Drivers/STM32F1xx_HAL_Driver/Src/stm32f1xx_hal_tim.o
                0x00000000080062c4                HAL_TIM_ConfigClockSource
 .text.HAL_TIM_SlaveConfigSynchro
                0x000000000800644c       0x84 Drivers/STM32F1xx_HAL_Driver/Src/stm32f1xx_hal_tim.o
                0x000000000800644c                HAL_TIM_SlaveConfigSynchro
 .text.HAL_TIM_PeriodElapsedCallback
                0x00000000080064d0       0x12 Drivers/STM32F1xx_HAL_Driver/Src/stm32f1xx_hal_tim.o
                0x00000000080064d0                HAL_TIM_PeriodElapsedCallback
 .text.HAL_TIM_OC_DelayElapsedCallback
                0x00000000080064e2       0x12 Drivers/STM32F1xx_HAL_Driver/Src/stm32f1xx_hal_tim.o
                0x00000000080064e2                HAL_TIM_OC_DelayElapsedCallback
 .text.HAL_TIM_IC_CaptureCallback
                0x00000000080064f4       0x12 Drivers/STM32F1xx_HAL_Driver/Src/stm32f1xx_hal_tim.o
                0x00000000080064f4                HAL_TIM_IC_CaptureCallback
 .text.HAL_TIM_PWM_PulseFinishedCallback
                0x0000000008006506       0x12 Drivers/STM32F1xx_HAL_Driver/Src/stm32f1xx_hal_tim.o
                0x0000000008006506                HAL_TIM_PWM_PulseFinishedCallback
 .text.HAL_TIM_TriggerCallback
                0x0000000008006518       0x12 Drivers/STM32F1xx_HAL_Driver/Src/stm32f1xx_hal_tim.o
                0x0000000008006518                HAL_TIM_TriggerCallback
 *fill*         0x000000000800652a        0x2 
 .text.TIM_Base_SetConfig
                0x000000000800652c       0xc4 Drivers/STM32F1xx_HAL_Driver/Src/stm32f1xx_hal_tim.o
                0x000000000800652c                TIM_Base_SetConfig
 .text.TIM_OC1_SetConfig
                0x00000000080065f0       0xcc Drivers/STM32F1xx_HAL_Driver/Src/stm32f1xx_hal_tim.o
 .text.TIM_OC2_SetConfig
                0x00000000080066bc       0xd4 Drivers/STM32F1xx_HAL_Driver/Src/stm32f1xx_hal_tim.o
                0x00000000080066bc                TIM_OC2_SetConfig
 .text.TIM_OC3_SetConfig
                0x0000000008006790       0xd4 Drivers/STM32F1xx_HAL_Driver/Src/stm32f1xx_hal_tim.o
 .text.TIM_OC4_SetConfig
                0x0000000008006864       0x9c Drivers/STM32F1xx_HAL_Driver/Src/stm32f1xx_hal_tim.o
 .text.TIM_SlaveTimer_SetConfig
                0x0000000008006900      0x11c Drivers/STM32F1xx_HAL_Driver/Src/stm32f1xx_hal_tim.o
 .text.TIM_TI1_ConfigInputStage
                0x0000000008006a1c       0x5c Drivers/STM32F1xx_HAL_Driver/Src/stm32f1xx_hal_tim.o
 .text.TIM_TI2_ConfigInputStage
                0x0000000008006a78       0x5e Drivers/STM32F1xx_HAL_Driver/Src/stm32f1xx_hal_tim.o
 .text.TIM_ITRx_SetConfig
                0x0000000008006ad6       0x34 Drivers/STM32F1xx_HAL_Driver/Src/stm32f1xx_hal_tim.o
 .text.TIM_ETR_SetConfig
                0x0000000008006b0a       0x3e Drivers/STM32F1xx_HAL_Driver/Src/stm32f1xx_hal_tim.o
                0x0000000008006b0a                TIM_ETR_SetConfig
 .text.TIM_CCxChannelCmd
                0x0000000008006b48       0x48 Drivers/STM32F1xx_HAL_Driver/Src/stm32f1xx_hal_tim.o
                0x0000000008006b48                TIM_CCxChannelCmd
 .text.HAL_TIMEx_MasterConfigSynchronization
                0x0000000008006b90       0xbc Drivers/STM32F1xx_HAL_Driver/Src/stm32f1xx_hal_tim_ex.o
                0x0000000008006b90                HAL_TIMEx_MasterConfigSynchronization
 .text.HAL_TIMEx_CommutCallback
                0x0000000008006c4c       0x12 Drivers/STM32F1xx_HAL_Driver/Src/stm32f1xx_hal_tim_ex.o
                0x0000000008006c4c                HAL_TIMEx_CommutCallback
 .text.HAL_TIMEx_BreakCallback
                0x0000000008006c5e       0x12 Drivers/STM32F1xx_HAL_Driver/Src/stm32f1xx_hal_tim_ex.o
                0x0000000008006c5e                HAL_TIMEx_BreakCallback
 .text.HAL_UART_Init
                0x0000000008006c70       0x9a Drivers/STM32F1xx_HAL_Driver/Src/stm32f1xx_hal_uart.o
                0x0000000008006c70                HAL_UART_Init
 *fill*         0x0000000008006d0a        0x2 
 .text.UART_SetConfig
                0x0000000008006d0c      0x11c Drivers/STM32F1xx_HAL_Driver/Src/stm32f1xx_hal_uart.o
 .text.__libc_init_array
                0x0000000008006e28       0x48 /opt/st/stm32cubeide_1.6.1/plugins/com.st.stm32cube.ide.mcu.externaltools.gnu-tools-for-stm32.9-2020-q2-update.linux64_1.5.0.202011040924/tools/bin/../lib/gcc/arm-none-eabi/9.3.1/../../../../arm-none-eabi/lib/thumb/v7-m/nofp/libc_nano.a(lib_a-init.o)
                0x0000000008006e28                __libc_init_array
 .text.memset   0x0000000008006e70       0x10 /opt/st/stm32cubeide_1.6.1/plugins/com.st.stm32cube.ide.mcu.externaltools.gnu-tools-for-stm32.9-2020-q2-update.linux64_1.5.0.202011040924/tools/bin/../lib/gcc/arm-none-eabi/9.3.1/../../../../arm-none-eabi/lib/thumb/v7-m/nofp/libc_nano.a(lib_a-memset.o)
                0x0000000008006e70                memset
 *(.glue_7)
 .glue_7        0x0000000008006e80        0x0 linker stubs
 *(.glue_7t)
 .glue_7t       0x0000000008006e80        0x0 linker stubs
 *(.eh_frame)
 .eh_frame      0x0000000008006e80        0x0 /opt/st/stm32cubeide_1.6.1/plugins/com.st.stm32cube.ide.mcu.externaltools.gnu-tools-for-stm32.9-2020-q2-update.linux64_1.5.0.202011040924/tools/bin/../lib/gcc/arm-none-eabi/9.3.1/thumb/v7-m/nofp/crtbegin.o
 *(.init)
 .init          0x0000000008006e80        0x4 /opt/st/stm32cubeide_1.6.1/plugins/com.st.stm32cube.ide.mcu.externaltools.gnu-tools-for-stm32.9-2020-q2-update.linux64_1.5.0.202011040924/tools/bin/../lib/gcc/arm-none-eabi/9.3.1/thumb/v7-m/nofp/crti.o
                0x0000000008006e80                _init
 .init          0x0000000008006e84        0x8 /opt/st/stm32cubeide_1.6.1/plugins/com.st.stm32cube.ide.mcu.externaltools.gnu-tools-for-stm32.9-2020-q2-update.linux64_1.5.0.202011040924/tools/bin/../lib/gcc/arm-none-eabi/9.3.1/thumb/v7-m/nofp/crtn.o
 *(.fini)
 .fini          0x0000000008006e8c        0x4 /opt/st/stm32cubeide_1.6.1/plugins/com.st.stm32cube.ide.mcu.externaltools.gnu-tools-for-stm32.9-2020-q2-update.linux64_1.5.0.202011040924/tools/bin/../lib/gcc/arm-none-eabi/9.3.1/thumb/v7-m/nofp/crti.o
                0x0000000008006e8c                _fini
 .fini          0x0000000008006e90        0x8 /opt/st/stm32cubeide_1.6.1/plugins/com.st.stm32cube.ide.mcu.externaltools.gnu-tools-for-stm32.9-2020-q2-update.linux64_1.5.0.202011040924/tools/bin/../lib/gcc/arm-none-eabi/9.3.1/thumb/v7-m/nofp/crtn.o
                0x0000000008006e98                . = ALIGN (0x4)
                0x0000000008006e98                _etext = .

.vfp11_veneer   0x0000000008006e98        0x0
 .vfp11_veneer  0x0000000008006e98        0x0 linker stubs

.v4_bx          0x0000000008006e98        0x0
 .v4_bx         0x0000000008006e98        0x0 linker stubs

.iplt           0x0000000008006e98        0x0
 .iplt          0x0000000008006e98        0x0 /opt/st/stm32cubeide_1.6.1/plugins/com.st.stm32cube.ide.mcu.externaltools.gnu-tools-for-stm32.9-2020-q2-update.linux64_1.5.0.202011040924/tools/bin/../lib/gcc/arm-none-eabi/9.3.1/thumb/v7-m/nofp/crtbegin.o

.rodata         0x0000000008006e98       0x28
                0x0000000008006e98                . = ALIGN (0x4)
 *(.rodata)
 .rodata        0x0000000008006e98       0x10 Drivers/STM32F1xx_HAL_Driver/Src/stm32f1xx_hal_rcc.o
 *(.rodata*)
 .rodata.AHBPrescTable
                0x0000000008006ea8       0x10 Core/Src/system_stm32f1xx.o
                0x0000000008006ea8                AHBPrescTable
 .rodata.APBPrescTable
                0x0000000008006eb8        0x8 Core/Src/system_stm32f1xx.o
                0x0000000008006eb8                APBPrescTable
                0x0000000008006ec0                . = ALIGN (0x4)

.rel.dyn        0x0000000008006ec0        0x0
 .rel.iplt      0x0000000008006ec0        0x0 /opt/st/stm32cubeide_1.6.1/plugins/com.st.stm32cube.ide.mcu.externaltools.gnu-tools-for-stm32.9-2020-q2-update.linux64_1.5.0.202011040924/tools/bin/../lib/gcc/arm-none-eabi/9.3.1/thumb/v7-m/nofp/crtbegin.o

.ARM.extab      0x0000000008006ec0        0x0
                0x0000000008006ec0                . = ALIGN (0x4)
 *(.ARM.extab* .gnu.linkonce.armextab.*)
                0x0000000008006ec0                . = ALIGN (0x4)

.ARM            0x0000000008006ec0        0x0
                0x0000000008006ec0                . = ALIGN (0x4)
                0x0000000008006ec0                __exidx_start = .
 *(.ARM.exidx*)
                0x0000000008006ec0                __exidx_end = .
                0x0000000008006ec0                . = ALIGN (0x4)

.preinit_array  0x0000000008006ec0        0x0
                0x0000000008006ec0                . = ALIGN (0x4)
                0x0000000008006ec0                PROVIDE (__preinit_array_start = .)
 *(.preinit_array*)
                0x0000000008006ec0                PROVIDE (__preinit_array_end = .)
                0x0000000008006ec0                . = ALIGN (0x4)

.init_array     0x0000000008006ec0        0x4
                0x0000000008006ec0                . = ALIGN (0x4)
                0x0000000008006ec0                PROVIDE (__init_array_start = .)
 *(SORT_BY_NAME(.init_array.*))
 *(.init_array*)
 .init_array    0x0000000008006ec0        0x4 /opt/st/stm32cubeide_1.6.1/plugins/com.st.stm32cube.ide.mcu.externaltools.gnu-tools-for-stm32.9-2020-q2-update.linux64_1.5.0.202011040924/tools/bin/../lib/gcc/arm-none-eabi/9.3.1/thumb/v7-m/nofp/crtbegin.o
                0x0000000008006ec4                PROVIDE (__init_array_end = .)
                0x0000000008006ec4                . = ALIGN (0x4)

.fini_array     0x0000000008006ec4        0x4
                0x0000000008006ec4                . = ALIGN (0x4)
                [!provide]                        PROVIDE (__fini_array_start = .)
 *(SORT_BY_NAME(.fini_array.*))
 *(.fini_array*)
 .fini_array    0x0000000008006ec4        0x4 /opt/st/stm32cubeide_1.6.1/plugins/com.st.stm32cube.ide.mcu.externaltools.gnu-tools-for-stm32.9-2020-q2-update.linux64_1.5.0.202011040924/tools/bin/../lib/gcc/arm-none-eabi/9.3.1/thumb/v7-m/nofp/crtbegin.o
                [!provide]                        PROVIDE (__fini_array_end = .)
                0x0000000008006ec8                . = ALIGN (0x4)
                0x0000000008006ec8                _sidata = LOADADDR (.data)

.data           0x0000000020000000       0x30 load address 0x0000000008006ec8
                0x0000000020000000                . = ALIGN (0x4)
                0x0000000020000000                _sdata = .
 *(.data)
 *(.data*)
 .data.weights  0x0000000020000000       0x20 Core/Src/main.o
                0x0000000020000000                weights
 .data.stop     0x0000000020000020        0x4 Core/Src/main.o
                0x0000000020000020                stop
 .data.SystemCoreClock
                0x0000000020000024        0x4 Core/Src/system_stm32f1xx.o
                0x0000000020000024                SystemCoreClock
 .data.uwTickPrio
                0x0000000020000028        0x4 Drivers/STM32F1xx_HAL_Driver/Src/stm32f1xx_hal.o
                0x0000000020000028                uwTickPrio
 .data.uwTickFreq
                0x000000002000002c        0x1 Drivers/STM32F1xx_HAL_Driver/Src/stm32f1xx_hal.o
                0x000000002000002c                uwTickFreq
                0x0000000020000030                . = ALIGN (0x4)
 *fill*         0x000000002000002d        0x3 
                0x0000000020000030                _edata = .

.igot.plt       0x0000000020000030        0x0 load address 0x0000000008006ef8
 .igot.plt      0x0000000020000030        0x0 /opt/st/stm32cubeide_1.6.1/plugins/com.st.stm32cube.ide.mcu.externaltools.gnu-tools-for-stm32.9-2020-q2-update.linux64_1.5.0.202011040924/tools/bin/../lib/gcc/arm-none-eabi/9.3.1/thumb/v7-m/nofp/crtbegin.o
                0x0000000020000030                . = ALIGN (0x4)

.bss            0x0000000020000030      0x4f8 load address 0x0000000008006ef8
                0x0000000020000030                _sbss = .
                0x0000000020000030                __bss_start__ = _sbss
 *(.bss)
 .bss           0x0000000020000030       0x1c /opt/st/stm32cubeide_1.6.1/plugins/com.st.stm32cube.ide.mcu.externaltools.gnu-tools-for-stm32.9-2020-q2-update.linux64_1.5.0.202011040924/tools/bin/../lib/gcc/arm-none-eabi/9.3.1/thumb/v7-m/nofp/crtbegin.o
 *(.bss*)
 .bss.ticksLeft
                0x000000002000004c        0x4 Core/Src/main.o
                0x000000002000004c                ticksLeft
 .bss.ticksRight
                0x0000000020000050        0x4 Core/Src/main.o
                0x0000000020000050                ticksRight
 .bss.isLine    0x0000000020000054        0x1 Core/Src/main.o
                0x0000000020000054                isLine
 .bss.isOilspill
                0x0000000020000055        0x1 Core/Src/main.o
                0x0000000020000055                isOilspill
 *fill*         0x0000000020000056        0x2 
 .bss.lastLeft.8030
                0x0000000020000058        0x4 Core/Src/main.o
 .bss.lastRight.8031
                0x000000002000005c        0x4 Core/Src/main.o
 *(COMMON)
 COMMON         0x0000000020000060      0x4c4 Core/Src/main.o
                0x0000000020000060                success
                0x0000000020000064                wireTxQueue
                0x0000000020000078                threshVals
                0x0000000020000098                htim4
                0x00000000200000e0                huart3
                0x0000000020000120                pos
                0x0000000020000124                ctrl
                0x000000002000014c                wireTx
                0x0000000020000160                htim3
                0x00000000200001a8                state
                0x00000000200001ac                hadc1
                0x00000000200001dc                filter
                0x0000000020000204                dists
                0x0000000020000208                hdma_adc1
                0x000000002000024c                sensorValues
                0x00000000200003cc                htim1
                0x0000000020000414                minVals
                0x0000000020000434                s2
                0x0000000020000450                wire
                0x000000002000046c                htim2
                0x00000000200004b4                dTicks
                0x00000000200004dc                wireRx
                0x00000000200004f0                maxVals
                0x0000000020000510                wireRxQueue
 COMMON         0x0000000020000524        0x4 Drivers/STM32F1xx_HAL_Driver/Src/stm32f1xx_hal.o
                0x0000000020000524                uwTick
                0x0000000020000528                . = ALIGN (0x4)
                0x0000000020000528                _ebss = .
                0x0000000020000528                __bss_end__ = _ebss

._user_heap_stack
                0x0000000020000528      0x600 load address 0x0000000008006ef8
                0x0000000020000528                . = ALIGN (0x8)
                [!provide]                        PROVIDE (end = .)
                [!provide]                        PROVIDE (_end = .)
                0x0000000020000728                . = (. + _Min_Heap_Size)
 *fill*         0x0000000020000528      0x200 
                0x0000000020000b28                . = (. + _Min_Stack_Size)
 *fill*         0x0000000020000728      0x400 
                0x0000000020000b28                . = ALIGN (0x8)

/DISCARD/
 libc.a(*)
 libm.a(*)
 libgcc.a(*)

.ARM.attributes
                0x0000000000000000       0x29
 *(.ARM.attributes)
 .ARM.attributes
                0x0000000000000000       0x1d /opt/st/stm32cubeide_1.6.1/plugins/com.st.stm32cube.ide.mcu.externaltools.gnu-tools-for-stm32.9-2020-q2-update.linux64_1.5.0.202011040924/tools/bin/../lib/gcc/arm-none-eabi/9.3.1/thumb/v7-m/nofp/crti.o
 .ARM.attributes
                0x000000000000001d       0x2d /opt/st/stm32cubeide_1.6.1/plugins/com.st.stm32cube.ide.mcu.externaltools.gnu-tools-for-stm32.9-2020-q2-update.linux64_1.5.0.202011040924/tools/bin/../lib/gcc/arm-none-eabi/9.3.1/thumb/v7-m/nofp/crtbegin.o
 .ARM.attributes
                0x000000000000004a       0x2d Core/Src/ctrl.o
 .ARM.attributes
                0x0000000000000077       0x2d Core/Src/main.o
 .ARM.attributes
                0x00000000000000a4       0x2d Core/Src/queue.o
 .ARM.attributes
                0x00000000000000d1       0x2d Core/Src/stm32f1xx_hal_msp.o
 .ARM.attributes
                0x00000000000000fe       0x2d Core/Src/stm32f1xx_it.o
 .ARM.attributes
                0x000000000000012b       0x2d Core/Src/system_stm32f1xx.o
 .ARM.attributes
                0x0000000000000158       0x2d Core/Src/vl53l0x.o
 .ARM.attributes
                0x0000000000000185       0x2d Core/Src/weightedavg.o
 .ARM.attributes
                0x00000000000001b2       0x2d Core/Src/wire.o
 .ARM.attributes
                0x00000000000001df       0x21 Core/Startup/startup_stm32f103c8tx.o
 .ARM.attributes
                0x0000000000000200       0x2d Drivers/STM32F1xx_HAL_Driver/Src/stm32f1xx_hal.o
 .ARM.attributes
                0x000000000000022d       0x2d Drivers/STM32F1xx_HAL_Driver/Src/stm32f1xx_hal_adc.o
 .ARM.attributes
                0x000000000000025a       0x2d Drivers/STM32F1xx_HAL_Driver/Src/stm32f1xx_hal_cortex.o
 .ARM.attributes
                0x0000000000000287       0x2d Drivers/STM32F1xx_HAL_Driver/Src/stm32f1xx_hal_dma.o
 .ARM.attributes
                0x00000000000002b4       0x2d Drivers/STM32F1xx_HAL_Driver/Src/stm32f1xx_hal_gpio.o
 .ARM.attributes
                0x00000000000002e1       0x2d Drivers/STM32F1xx_HAL_Driver/Src/stm32f1xx_hal_rcc.o
 .ARM.attributes
                0x000000000000030e       0x2d Drivers/STM32F1xx_HAL_Driver/Src/stm32f1xx_hal_rcc_ex.o
 .ARM.attributes
                0x000000000000033b       0x2d Drivers/STM32F1xx_HAL_Driver/Src/stm32f1xx_hal_tim.o
 .ARM.attributes
                0x0000000000000368       0x2d Drivers/STM32F1xx_HAL_Driver/Src/stm32f1xx_hal_tim_ex.o
 .ARM.attributes
                0x0000000000000395       0x2d Drivers/STM32F1xx_HAL_Driver/Src/stm32f1xx_hal_uart.o
 .ARM.attributes
                0x00000000000003c2       0x2d /opt/st/stm32cubeide_1.6.1/plugins/com.st.stm32cube.ide.mcu.externaltools.gnu-tools-for-stm32.9-2020-q2-update.linux64_1.5.0.202011040924/tools/bin/../lib/gcc/arm-none-eabi/9.3.1/../../../../arm-none-eabi/lib/thumb/v7-m/nofp/libc_nano.a(lib_a-init.o)
 .ARM.attributes
                0x00000000000003ef       0x2d /opt/st/stm32cubeide_1.6.1/plugins/com.st.stm32cube.ide.mcu.externaltools.gnu-tools-for-stm32.9-2020-q2-update.linux64_1.5.0.202011040924/tools/bin/../lib/gcc/arm-none-eabi/9.3.1/../../../../arm-none-eabi/lib/thumb/v7-m/nofp/libc_nano.a(lib_a-memset.o)
 .ARM.attributes
                0x000000000000041c       0x1d /opt/st/stm32cubeide_1.6.1/plugins/com.st.stm32cube.ide.mcu.externaltools.gnu-tools-for-stm32.9-2020-q2-update.linux64_1.5.0.202011040924/tools/bin/../lib/gcc/arm-none-eabi/9.3.1/thumb/v7-m/nofp/libgcc.a(_arm_addsubdf3.o)
 .ARM.attributes
                0x0000000000000439       0x1d /opt/st/stm32cubeide_1.6.1/plugins/com.st.stm32cube.ide.mcu.externaltools.gnu-tools-for-stm32.9-2020-q2-update.linux64_1.5.0.202011040924/tools/bin/../lib/gcc/arm-none-eabi/9.3.1/thumb/v7-m/nofp/libgcc.a(_arm_cmpdf2.o)
 .ARM.attributes
                0x0000000000000456       0x1d /opt/st/stm32cubeide_1.6.1/plugins/com.st.stm32cube.ide.mcu.externaltools.gnu-tools-for-stm32.9-2020-q2-update.linux64_1.5.0.202011040924/tools/bin/../lib/gcc/arm-none-eabi/9.3.1/thumb/v7-m/nofp/libgcc.a(_arm_addsubsf3.o)
 .ARM.attributes
                0x0000000000000473       0x1d /opt/st/stm32cubeide_1.6.1/plugins/com.st.stm32cube.ide.mcu.externaltools.gnu-tools-for-stm32.9-2020-q2-update.linux64_1.5.0.202011040924/tools/bin/../lib/gcc/arm-none-eabi/9.3.1/thumb/v7-m/nofp/libgcc.a(_arm_muldivsf3.o)
 .ARM.attributes
                0x0000000000000490       0x1d /opt/st/stm32cubeide_1.6.1/plugins/com.st.stm32cube.ide.mcu.externaltools.gnu-tools-for-stm32.9-2020-q2-update.linux64_1.5.0.202011040924/tools/bin/../lib/gcc/arm-none-eabi/9.3.1/thumb/v7-m/nofp/libgcc.a(_arm_cmpsf2.o)
 .ARM.attributes
                0x00000000000004ad       0x1d /opt/st/stm32cubeide_1.6.1/plugins/com.st.stm32cube.ide.mcu.externaltools.gnu-tools-for-stm32.9-2020-q2-update.linux64_1.5.0.202011040924/tools/bin/../lib/gcc/arm-none-eabi/9.3.1/thumb/v7-m/nofp/libgcc.a(_arm_fixsfsi.o)
 .ARM.attributes
                0x00000000000004ca       0x1d /opt/st/stm32cubeide_1.6.1/plugins/com.st.stm32cube.ide.mcu.externaltools.gnu-tools-for-stm32.9-2020-q2-update.linux64_1.5.0.202011040924/tools/bin/../lib/gcc/arm-none-eabi/9.3.1/thumb/v7-m/nofp/libgcc.a(_arm_fixunssfsi.o)
 .ARM.attributes
                0x00000000000004e7       0x1d /opt/st/stm32cubeide_1.6.1/plugins/com.st.stm32cube.ide.mcu.externaltools.gnu-tools-for-stm32.9-2020-q2-update.linux64_1.5.0.202011040924/tools/bin/../lib/gcc/arm-none-eabi/9.3.1/thumb/v7-m/nofp/crtn.o
OUTPUT(linefollower.elf elf32-littlearm)
LOAD linker stubs
LOAD /opt/st/stm32cubeide_1.6.1/plugins/com.st.stm32cube.ide.mcu.externaltools.gnu-tools-for-stm32.9-2020-q2-update.linux64_1.5.0.202011040924/tools/bin/../lib/gcc/arm-none-eabi/9.3.1/../../../../arm-none-eabi/lib/thumb/v7-m/nofp/libc.a
LOAD /opt/st/stm32cubeide_1.6.1/plugins/com.st.stm32cube.ide.mcu.externaltools.gnu-tools-for-stm32.9-2020-q2-update.linux64_1.5.0.202011040924/tools/bin/../lib/gcc/arm-none-eabi/9.3.1/../../../../arm-none-eabi/lib/thumb/v7-m/nofp/libm.a
LOAD /opt/st/stm32cubeide_1.6.1/plugins/com.st.stm32cube.ide.mcu.externaltools.gnu-tools-for-stm32.9-2020-q2-update.linux64_1.5.0.202011040924/tools/bin/../lib/gcc/arm-none-eabi/9.3.1/thumb/v7-m/nofp/libgcc.a

.debug_info     0x0000000000000000    0x10d01
 .debug_info    0x0000000000000000      0x1e9 Core/Src/ctrl.o
 .debug_info    0x00000000000001e9     0x2641 Core/Src/main.o
 .debug_info    0x000000000000282a      0x26b Core/Src/queue.o
 .debug_info    0x0000000000002a95     0x1a1d Core/Src/stm32f1xx_hal_msp.o
 .debug_info    0x00000000000044b2     0x113f Core/Src/stm32f1xx_it.o
 .debug_info    0x00000000000055f1      0x2be Core/Src/system_stm32f1xx.o
 .debug_info    0x00000000000058af     0x101a Core/Src/vl53l0x.o
 .debug_info    0x00000000000068c9      0xb8d Core/Src/weightedavg.o
 .debug_info    0x0000000000007456      0x9ef Core/Src/wire.o
 .debug_info    0x0000000000007e45       0x22 Core/Startup/startup_stm32f103c8tx.o
 .debug_info    0x0000000000007e67      0x76a Drivers/STM32F1xx_HAL_Driver/Src/stm32f1xx_hal.o
 .debug_info    0x00000000000085d1      0xd2d Drivers/STM32F1xx_HAL_Driver/Src/stm32f1xx_hal_adc.o
 .debug_info    0x00000000000092fe      0xbdc Drivers/STM32F1xx_HAL_Driver/Src/stm32f1xx_hal_cortex.o
 .debug_info    0x0000000000009eda      0x81e Drivers/STM32F1xx_HAL_Driver/Src/stm32f1xx_hal_dma.o
 .debug_info    0x000000000000a6f8      0x701 Drivers/STM32F1xx_HAL_Driver/Src/stm32f1xx_hal_gpio.o
 .debug_info    0x000000000000adf9      0x88e Drivers/STM32F1xx_HAL_Driver/Src/stm32f1xx_hal_rcc.o
 .debug_info    0x000000000000b687      0x480 Drivers/STM32F1xx_HAL_Driver/Src/stm32f1xx_hal_rcc_ex.o
 .debug_info    0x000000000000bb07     0x2a43 Drivers/STM32F1xx_HAL_Driver/Src/stm32f1xx_hal_tim.o
 .debug_info    0x000000000000e54a     0x1495 Drivers/STM32F1xx_HAL_Driver/Src/stm32f1xx_hal_tim_ex.o
 .debug_info    0x000000000000f9df     0x1322 Drivers/STM32F1xx_HAL_Driver/Src/stm32f1xx_hal_uart.o

.debug_abbrev   0x0000000000000000     0x2859
 .debug_abbrev  0x0000000000000000       0xd2 Core/Src/ctrl.o
 .debug_abbrev  0x00000000000000d2      0x37f Core/Src/main.o
 .debug_abbrev  0x0000000000000451       0xee Core/Src/queue.o
 .debug_abbrev  0x000000000000053f      0x272 Core/Src/stm32f1xx_hal_msp.o
 .debug_abbrev  0x00000000000007b1      0x1f3 Core/Src/stm32f1xx_it.o
 .debug_abbrev  0x00000000000009a4      0x14e Core/Src/system_stm32f1xx.o
 .debug_abbrev  0x0000000000000af2      0x2c4 Core/Src/vl53l0x.o
 .debug_abbrev  0x0000000000000db6      0x1f9 Core/Src/weightedavg.o
 .debug_abbrev  0x0000000000000faf      0x253 Core/Src/wire.o
 .debug_abbrev  0x0000000000001202       0x12 Core/Startup/startup_stm32f103c8tx.o
 .debug_abbrev  0x0000000000001214      0x1ed Drivers/STM32F1xx_HAL_Driver/Src/stm32f1xx_hal.o
 .debug_abbrev  0x0000000000001401      0x1fb Drivers/STM32F1xx_HAL_Driver/Src/stm32f1xx_hal_adc.o
 .debug_abbrev  0x00000000000015fc      0x313 Drivers/STM32F1xx_HAL_Driver/Src/stm32f1xx_hal_cortex.o
 .debug_abbrev  0x000000000000190f      0x228 Drivers/STM32F1xx_HAL_Driver/Src/stm32f1xx_hal_dma.o
 .debug_abbrev  0x0000000000001b37      0x1e8 Drivers/STM32F1xx_HAL_Driver/Src/stm32f1xx_hal_gpio.o
 .debug_abbrev  0x0000000000001d1f      0x273 Drivers/STM32F1xx_HAL_Driver/Src/stm32f1xx_hal_rcc.o
 .debug_abbrev  0x0000000000001f92      0x193 Drivers/STM32F1xx_HAL_Driver/Src/stm32f1xx_hal_rcc_ex.o
 .debug_abbrev  0x0000000000002125      0x25e Drivers/STM32F1xx_HAL_Driver/Src/stm32f1xx_hal_tim.o
 .debug_abbrev  0x0000000000002383      0x266 Drivers/STM32F1xx_HAL_Driver/Src/stm32f1xx_hal_tim_ex.o
 .debug_abbrev  0x00000000000025e9      0x270 Drivers/STM32F1xx_HAL_Driver/Src/stm32f1xx_hal_uart.o

.debug_aranges  0x0000000000000000     0x1038
 .debug_aranges
                0x0000000000000000       0x28 Core/Src/ctrl.o
 .debug_aranges
                0x0000000000000028       0xf8 Core/Src/main.o
 .debug_aranges
                0x0000000000000120       0x58 Core/Src/queue.o
 .debug_aranges
                0x0000000000000178       0x58 Core/Src/stm32f1xx_hal_msp.o
 .debug_aranges
                0x00000000000001d0       0x80 Core/Src/stm32f1xx_it.o
 .debug_aranges
                0x0000000000000250       0x28 Core/Src/system_stm32f1xx.o
 .debug_aranges
                0x0000000000000278      0x100 Core/Src/vl53l0x.o
 .debug_aranges
                0x0000000000000378       0x48 Core/Src/weightedavg.o
 .debug_aranges
                0x00000000000003c0       0xe0 Core/Src/wire.o
 .debug_aranges
                0x00000000000004a0       0x28 Core/Startup/startup_stm32f103c8tx.o
 .debug_aranges
                0x00000000000004c8       0xe0 Drivers/STM32F1xx_HAL_Driver/Src/stm32f1xx_hal.o
 .debug_aranges
                0x00000000000005a8       0xf0 Drivers/STM32F1xx_HAL_Driver/Src/stm32f1xx_hal_adc.o
 .debug_aranges
                0x0000000000000698      0x100 Drivers/STM32F1xx_HAL_Driver/Src/stm32f1xx_hal_cortex.o
 .debug_aranges
                0x0000000000000798       0x80 Drivers/STM32F1xx_HAL_Driver/Src/stm32f1xx_hal_dma.o
 .debug_aranges
                0x0000000000000818       0x58 Drivers/STM32F1xx_HAL_Driver/Src/stm32f1xx_hal_gpio.o
 .debug_aranges
                0x0000000000000870       0x90 Drivers/STM32F1xx_HAL_Driver/Src/stm32f1xx_hal_rcc.o
 .debug_aranges
                0x0000000000000900       0x30 Drivers/STM32F1xx_HAL_Driver/Src/stm32f1xx_hal_rcc_ex.o
 .debug_aranges
                0x0000000000000930      0x3d0 Drivers/STM32F1xx_HAL_Driver/Src/stm32f1xx_hal_tim.o
 .debug_aranges
                0x0000000000000d00      0x168 Drivers/STM32F1xx_HAL_Driver/Src/stm32f1xx_hal_tim_ex.o
 .debug_aranges
                0x0000000000000e68      0x1d0 Drivers/STM32F1xx_HAL_Driver/Src/stm32f1xx_hal_uart.o

.debug_ranges   0x0000000000000000      0xf00
 .debug_ranges  0x0000000000000000       0x18 Core/Src/ctrl.o
 .debug_ranges  0x0000000000000018       0xe8 Core/Src/main.o
 .debug_ranges  0x0000000000000100       0x48 Core/Src/queue.o
 .debug_ranges  0x0000000000000148       0x48 Core/Src/stm32f1xx_hal_msp.o
 .debug_ranges  0x0000000000000190       0x70 Core/Src/stm32f1xx_it.o
 .debug_ranges  0x0000000000000200       0x18 Core/Src/system_stm32f1xx.o
 .debug_ranges  0x0000000000000218       0xf0 Core/Src/vl53l0x.o
 .debug_ranges  0x0000000000000308       0x38 Core/Src/weightedavg.o
 .debug_ranges  0x0000000000000340       0xd0 Core/Src/wire.o
 .debug_ranges  0x0000000000000410       0x20 Core/Startup/startup_stm32f103c8tx.o
 .debug_ranges  0x0000000000000430       0xd0 Drivers/STM32F1xx_HAL_Driver/Src/stm32f1xx_hal.o
 .debug_ranges  0x0000000000000500       0xe0 Drivers/STM32F1xx_HAL_Driver/Src/stm32f1xx_hal_adc.o
 .debug_ranges  0x00000000000005e0       0xf0 Drivers/STM32F1xx_HAL_Driver/Src/stm32f1xx_hal_cortex.o
 .debug_ranges  0x00000000000006d0       0x70 Drivers/STM32F1xx_HAL_Driver/Src/stm32f1xx_hal_dma.o
 .debug_ranges  0x0000000000000740       0x48 Drivers/STM32F1xx_HAL_Driver/Src/stm32f1xx_hal_gpio.o
 .debug_ranges  0x0000000000000788       0x80 Drivers/STM32F1xx_HAL_Driver/Src/stm32f1xx_hal_rcc.o
 .debug_ranges  0x0000000000000808       0x20 Drivers/STM32F1xx_HAL_Driver/Src/stm32f1xx_hal_rcc_ex.o
 .debug_ranges  0x0000000000000828      0x3c0 Drivers/STM32F1xx_HAL_Driver/Src/stm32f1xx_hal_tim.o
 .debug_ranges  0x0000000000000be8      0x158 Drivers/STM32F1xx_HAL_Driver/Src/stm32f1xx_hal_tim_ex.o
 .debug_ranges  0x0000000000000d40      0x1c0 Drivers/STM32F1xx_HAL_Driver/Src/stm32f1xx_hal_uart.o

.debug_macro    0x0000000000000000    0x1909f
 .debug_macro   0x0000000000000000       0x76 Core/Src/ctrl.o
 .debug_macro   0x0000000000000076      0xa9c Core/Src/ctrl.o
 .debug_macro   0x0000000000000b12       0x22 Core/Src/ctrl.o
 .debug_macro   0x0000000000000b34       0x8e Core/Src/ctrl.o
 .debug_macro   0x0000000000000bc2       0x51 Core/Src/ctrl.o
 .debug_macro   0x0000000000000c13      0x103 Core/Src/ctrl.o
 .debug_macro   0x0000000000000d16       0x6a Core/Src/ctrl.o
 .debug_macro   0x0000000000000d80      0x1df Core/Src/ctrl.o
 .debug_macro   0x0000000000000f5f       0x22 Core/Src/ctrl.o
 .debug_macro   0x0000000000000f81      0x3b5 Core/Src/main.o
 .debug_macro   0x0000000000001336      0x227 Core/Src/main.o
 .debug_macro   0x000000000000155d       0x2e Core/Src/main.o
 .debug_macro   0x000000000000158b       0x22 Core/Src/main.o
 .debug_macro   0x00000000000015ad       0x1c Core/Src/main.o
 .debug_macro   0x00000000000015c9       0x22 Core/Src/main.o
 .debug_macro   0x00000000000015eb       0xc3 Core/Src/main.o
 .debug_macro   0x00000000000016ae      0xd23 Core/Src/main.o
 .debug_macro   0x00000000000023d1     0xe097 Core/Src/main.o
 .debug_macro   0x0000000000010468       0x43 Core/Src/main.o
 .debug_macro   0x00000000000104ab     0x3468 Core/Src/main.o
 .debug_macro   0x0000000000013913      0x174 Core/Src/main.o
 .debug_macro   0x0000000000013a87       0x5c Core/Src/main.o
 .debug_macro   0x0000000000013ae3      0x5be Core/Src/main.o
 .debug_macro   0x00000000000140a1      0x289 Core/Src/main.o
 .debug_macro   0x000000000001432a      0x1cb Core/Src/main.o
 .debug_macro   0x00000000000144f5      0x114 Core/Src/main.o
 .debug_macro   0x0000000000014609      0x1b2 Core/Src/main.o
 .debug_macro   0x00000000000147bb       0x27 Core/Src/main.o
 .debug_macro   0x00000000000147e2      0x136 Core/Src/main.o
 .debug_macro   0x0000000000014918      0x1bc Core/Src/main.o
 .debug_macro   0x0000000000014ad4       0x34 Core/Src/main.o
 .debug_macro   0x0000000000014b08       0x3c Core/Src/main.o
 .debug_macro   0x0000000000014b44       0x57 Core/Src/main.o
 .debug_macro   0x0000000000014b9b      0x46a Core/Src/main.o
 .debug_macro   0x0000000000015005      0x1b5 Core/Src/main.o
 .debug_macro   0x00000000000151ba       0x88 Core/Src/main.o
 .debug_macro   0x0000000000015242      0x241 Core/Src/main.o
 .debug_macro   0x0000000000015483      0x141 Core/Src/main.o
 .debug_macro   0x00000000000155c4      0x8d1 Core/Src/main.o
 .debug_macro   0x0000000000015e95      0x26b Core/Src/main.o
 .debug_macro   0x0000000000016100       0x83 Core/Src/main.o
 .debug_macro   0x0000000000016183       0x22 Core/Src/main.o
 .debug_macro   0x00000000000161a5       0x52 Core/Src/main.o
 .debug_macro   0x00000000000161f7       0x18 Core/Src/main.o
 .debug_macro   0x000000000001620f       0x3c Core/Src/main.o
 .debug_macro   0x000000000001624b       0x34 Core/Src/main.o
 .debug_macro   0x000000000001627f       0x16 Core/Src/main.o
 .debug_macro   0x0000000000016295       0x35 Core/Src/main.o
 .debug_macro   0x00000000000162ca      0x333 Core/Src/main.o
 .debug_macro   0x00000000000165fd       0x10 Core/Src/main.o
 .debug_macro   0x000000000001660d       0x16 Core/Src/main.o
 .debug_macro   0x0000000000016623       0x43 Core/Src/main.o
 .debug_macro   0x0000000000016666       0x34 Core/Src/main.o
 .debug_macro   0x000000000001669a       0x10 Core/Src/main.o
 .debug_macro   0x00000000000166aa       0x58 Core/Src/main.o
 .debug_macro   0x0000000000016702       0x71 Core/Src/main.o
 .debug_macro   0x0000000000016773       0x1c Core/Src/main.o
 .debug_macro   0x000000000001678f      0x12a Core/Src/main.o
 .debug_macro   0x00000000000168b9       0x10 Core/Src/main.o
 .debug_macro   0x00000000000168c9       0x1c Core/Src/main.o
 .debug_macro   0x00000000000168e5       0x52 Core/Src/main.o
 .debug_macro   0x0000000000016937       0x22 Core/Src/main.o
 .debug_macro   0x0000000000016959       0x10 Core/Src/main.o
 .debug_macro   0x0000000000016969       0x40 Core/Src/main.o
 .debug_macro   0x00000000000169a9       0xd5 Core/Src/main.o
 .debug_macro   0x0000000000016a7e       0x1c Core/Src/main.o
 .debug_macro   0x0000000000016a9a       0x3d Core/Src/main.o
 .debug_macro   0x0000000000016ad7       0x16 Core/Src/main.o
 .debug_macro   0x0000000000016aed      0x145 Core/Src/main.o
 .debug_macro   0x0000000000016c32       0x52 Core/Src/main.o
 .debug_macro   0x0000000000016c84       0x16 Core/Src/main.o
 .debug_macro   0x0000000000016c9a       0x16 Core/Src/main.o
 .debug_macro   0x0000000000016cb0       0x29 Core/Src/main.o
 .debug_macro   0x0000000000016cd9       0x10 Core/Src/main.o
 .debug_macro   0x0000000000016ce9      0x180 Core/Src/main.o
 .debug_macro   0x0000000000016e69       0x76 Core/Src/queue.o
 .debug_macro   0x0000000000016edf      0x3b5 Core/Src/stm32f1xx_hal_msp.o
 .debug_macro   0x0000000000017294      0x3b5 Core/Src/stm32f1xx_it.o
 .debug_macro   0x0000000000017649      0x1b7 Core/Src/system_stm32f1xx.o
 .debug_macro   0x0000000000017800      0x1e3 Core/Src/vl53l0x.o
 .debug_macro   0x00000000000179e3       0x1c Core/Src/vl53l0x.o
 .debug_macro   0x00000000000179ff      0x146 Core/Src/weightedavg.o
 .debug_macro   0x0000000000017b45      0x10e Core/Src/weightedavg.o
 .debug_macro   0x0000000000017c53       0x8d Core/Src/weightedavg.o
 .debug_macro   0x0000000000017ce0      0x1d9 Core/Src/wire.o
 .debug_macro   0x0000000000017eb9      0x1db Drivers/STM32F1xx_HAL_Driver/Src/stm32f1xx_hal.o
 .debug_macro   0x0000000000018094      0x1d4 Drivers/STM32F1xx_HAL_Driver/Src/stm32f1xx_hal_adc.o
 .debug_macro   0x0000000000018268      0x1b7 Drivers/STM32F1xx_HAL_Driver/Src/stm32f1xx_hal_cortex.o
 .debug_macro   0x000000000001841f      0x1b7 Drivers/STM32F1xx_HAL_Driver/Src/stm32f1xx_hal_dma.o
 .debug_macro   0x00000000000185d6      0x222 Drivers/STM32F1xx_HAL_Driver/Src/stm32f1xx_hal_gpio.o
 .debug_macro   0x00000000000187f8      0x1c9 Drivers/STM32F1xx_HAL_Driver/Src/stm32f1xx_hal_rcc.o
 .debug_macro   0x00000000000189c1      0x1b7 Drivers/STM32F1xx_HAL_Driver/Src/stm32f1xx_hal_rcc_ex.o
 .debug_macro   0x0000000000018b78      0x1b8 Drivers/STM32F1xx_HAL_Driver/Src/stm32f1xx_hal_tim.o
 .debug_macro   0x0000000000018d30      0x1b7 Drivers/STM32F1xx_HAL_Driver/Src/stm32f1xx_hal_tim_ex.o
 .debug_macro   0x0000000000018ee7      0x1b8 Drivers/STM32F1xx_HAL_Driver/Src/stm32f1xx_hal_uart.o

.debug_line     0x0000000000000000    0x10d26
 .debug_line    0x0000000000000000      0x43b Core/Src/ctrl.o
 .debug_line    0x000000000000043b     0x123e Core/Src/main.o
 .debug_line    0x0000000000001679      0x491 Core/Src/queue.o
 .debug_line    0x0000000000001b0a      0xa8d Core/Src/stm32f1xx_hal_msp.o
 .debug_line    0x0000000000002597      0xa22 Core/Src/stm32f1xx_it.o
 .debug_line    0x0000000000002fb9      0x708 Core/Src/system_stm32f1xx.o
 .debug_line    0x00000000000036c1      0xe68 Core/Src/vl53l0x.o
 .debug_line    0x0000000000004529      0x6f0 Core/Src/weightedavg.o
 .debug_line    0x0000000000004c19      0xb8e Core/Src/wire.o
 .debug_line    0x00000000000057a7       0x84 Core/Startup/startup_stm32f103c8tx.o
 .debug_line    0x000000000000582b      0x935 Drivers/STM32F1xx_HAL_Driver/Src/stm32f1xx_hal.o
 .debug_line    0x0000000000006160      0xf95 Drivers/STM32F1xx_HAL_Driver/Src/stm32f1xx_hal_adc.o
 .debug_line    0x00000000000070f5      0xb1d Drivers/STM32F1xx_HAL_Driver/Src/stm32f1xx_hal_cortex.o
 .debug_line    0x0000000000007c12      0xd8d Drivers/STM32F1xx_HAL_Driver/Src/stm32f1xx_hal_dma.o
 .debug_line    0x000000000000899f      0x9cc Drivers/STM32F1xx_HAL_Driver/Src/stm32f1xx_hal_gpio.o
 .debug_line    0x000000000000936b      0xd43 Drivers/STM32F1xx_HAL_Driver/Src/stm32f1xx_hal_rcc.o
 .debug_line    0x000000000000a0ae      0x881 Drivers/STM32F1xx_HAL_Driver/Src/stm32f1xx_hal_rcc_ex.o
 .debug_line    0x000000000000a92f     0x32dd Drivers/STM32F1xx_HAL_Driver/Src/stm32f1xx_hal_tim.o
 .debug_line    0x000000000000dc0c     0x19db Drivers/STM32F1xx_HAL_Driver/Src/stm32f1xx_hal_tim_ex.o
 .debug_line    0x000000000000f5e7     0x173f Drivers/STM32F1xx_HAL_Driver/Src/stm32f1xx_hal_uart.o

.debug_str      0x0000000000000000    0x908d0
 .debug_str     0x0000000000000000     0x3bd9 Core/Src/ctrl.o
                                       0x3d3f (size before relaxing)
 .debug_str     0x0000000000003bd9    0x8939b Core/Src/main.o
                                      0x8d509 (size before relaxing)
 .debug_str     0x000000000008cf74       0x71 Core/Src/queue.o
                                       0x3d64 (size before relaxing)
 .debug_str     0x000000000008cfe5       0xfa Core/Src/stm32f1xx_hal_msp.o
                                      0x8ce09 (size before relaxing)
 .debug_str     0x000000000008d0df      0x116 Core/Src/stm32f1xx_it.o
                                      0x8c7d0 (size before relaxing)
 .debug_str     0x000000000008d1f5       0x52 Core/Src/system_stm32f1xx.o
                                      0x879f1 (size before relaxing)
 .debug_str     0x000000000008d247      0xbd1 Core/Src/vl53l0x.o
                                      0x8879a (size before relaxing)
 .debug_str     0x000000000008de18       0xab Core/Src/weightedavg.o
                                       0x73c7 (size before relaxing)
 .debug_str     0x000000000008dec3      0x14e Core/Src/wire.o
                                      0x87c4a (size before relaxing)
 .debug_str     0x000000000008e011       0x36 Core/Startup/startup_stm32f103c8tx.o
                                         0x64 (size before relaxing)
 .debug_str     0x000000000008e047      0x2fa Drivers/STM32F1xx_HAL_Driver/Src/stm32f1xx_hal.o
                                      0x88082 (size before relaxing)
 .debug_str     0x000000000008e341      0x300 Drivers/STM32F1xx_HAL_Driver/Src/stm32f1xx_hal_adc.o
                                      0x88081 (size before relaxing)
 .debug_str     0x000000000008e641      0x2fa Drivers/STM32F1xx_HAL_Driver/Src/stm32f1xx_hal_cortex.o
                                      0x8808a (size before relaxing)
 .debug_str     0x000000000008e93b      0x235 Drivers/STM32F1xx_HAL_Driver/Src/stm32f1xx_hal_dma.o
                                      0x87dcc (size before relaxing)
 .debug_str     0x000000000008eb70      0x2fc Drivers/STM32F1xx_HAL_Driver/Src/stm32f1xx_hal_gpio.o
                                      0x87db5 (size before relaxing)
 .debug_str     0x000000000008ee6c      0x24f Drivers/STM32F1xx_HAL_Driver/Src/stm32f1xx_hal_rcc.o
                                      0x87dee (size before relaxing)
 .debug_str     0x000000000008f0bb       0xb9 Drivers/STM32F1xx_HAL_Driver/Src/stm32f1xx_hal_rcc_ex.o
                                      0x87b7b (size before relaxing)
 .debug_str     0x000000000008f174      0xd18 Drivers/STM32F1xx_HAL_Driver/Src/stm32f1xx_hal_tim.o
                                      0x88dc0 (size before relaxing)
 .debug_str     0x000000000008fe8c      0x517 Drivers/STM32F1xx_HAL_Driver/Src/stm32f1xx_hal_tim_ex.o
                                      0x8859a (size before relaxing)
 .debug_str     0x00000000000903a3      0x52d Drivers/STM32F1xx_HAL_Driver/Src/stm32f1xx_hal_uart.o
                                      0x882f4 (size before relaxing)

.comment        0x0000000000000000       0x53
 .comment       0x0000000000000000       0x53 Core/Src/ctrl.o
                                         0x54 (size before relaxing)
 .comment       0x0000000000000053       0x54 Core/Src/main.o
 .comment       0x0000000000000053       0x54 Core/Src/queue.o
 .comment       0x0000000000000053       0x54 Core/Src/stm32f1xx_hal_msp.o
 .comment       0x0000000000000053       0x54 Core/Src/stm32f1xx_it.o
 .comment       0x0000000000000053       0x54 Core/Src/system_stm32f1xx.o
 .comment       0x0000000000000053       0x54 Core/Src/vl53l0x.o
 .comment       0x0000000000000053       0x54 Core/Src/weightedavg.o
 .comment       0x0000000000000053       0x54 Core/Src/wire.o
 .comment       0x0000000000000053       0x54 Drivers/STM32F1xx_HAL_Driver/Src/stm32f1xx_hal.o
 .comment       0x0000000000000053       0x54 Drivers/STM32F1xx_HAL_Driver/Src/stm32f1xx_hal_adc.o
 .comment       0x0000000000000053       0x54 Drivers/STM32F1xx_HAL_Driver/Src/stm32f1xx_hal_cortex.o
 .comment       0x0000000000000053       0x54 Drivers/STM32F1xx_HAL_Driver/Src/stm32f1xx_hal_dma.o
 .comment       0x0000000000000053       0x54 Drivers/STM32F1xx_HAL_Driver/Src/stm32f1xx_hal_gpio.o
 .comment       0x0000000000000053       0x54 Drivers/STM32F1xx_HAL_Driver/Src/stm32f1xx_hal_rcc.o
 .comment       0x0000000000000053       0x54 Drivers/STM32F1xx_HAL_Driver/Src/stm32f1xx_hal_rcc_ex.o
 .comment       0x0000000000000053       0x54 Drivers/STM32F1xx_HAL_Driver/Src/stm32f1xx_hal_tim.o
 .comment       0x0000000000000053       0x54 Drivers/STM32F1xx_HAL_Driver/Src/stm32f1xx_hal_tim_ex.o
 .comment       0x0000000000000053       0x54 Drivers/STM32F1xx_HAL_Driver/Src/stm32f1xx_hal_uart.o

.debug_frame    0x0000000000000000     0x4644
 .debug_frame   0x0000000000000000       0x5c Core/Src/ctrl.o
 .debug_frame   0x000000000000005c      0x3d4 Core/Src/main.o
 .debug_frame   0x0000000000000430      0x150 Core/Src/queue.o
 .debug_frame   0x0000000000000580      0x134 Core/Src/stm32f1xx_hal_msp.o
 .debug_frame   0x00000000000006b4      0x17c Core/Src/stm32f1xx_it.o
 .debug_frame   0x0000000000000830       0x58 Core/Src/system_stm32f1xx.o
 .debug_frame   0x0000000000000888      0x44c Core/Src/vl53l0x.o
 .debug_frame   0x0000000000000cd4      0x100 Core/Src/weightedavg.o
 .debug_frame   0x0000000000000dd4      0x3a0 Core/Src/wire.o
 .debug_frame   0x0000000000001174      0x334 Drivers/STM32F1xx_HAL_Driver/Src/stm32f1xx_hal.o
 .debug_frame   0x00000000000014a8      0x40c Drivers/STM32F1xx_HAL_Driver/Src/stm32f1xx_hal_adc.o
 .debug_frame   0x00000000000018b4      0x428 Drivers/STM32F1xx_HAL_Driver/Src/stm32f1xx_hal_cortex.o
 .debug_frame   0x0000000000001cdc      0x208 Drivers/STM32F1xx_HAL_Driver/Src/stm32f1xx_hal_dma.o
 .debug_frame   0x0000000000001ee4      0x14c Drivers/STM32F1xx_HAL_Driver/Src/stm32f1xx_hal_gpio.o
 .debug_frame   0x0000000000002030      0x21c Drivers/STM32F1xx_HAL_Driver/Src/stm32f1xx_hal_rcc.o
 .debug_frame   0x000000000000224c       0x84 Drivers/STM32F1xx_HAL_Driver/Src/stm32f1xx_hal_rcc_ex.o
 .debug_frame   0x00000000000022d0     0x11b8 Drivers/STM32F1xx_HAL_Driver/Src/stm32f1xx_hal_tim.o
 .debug_frame   0x0000000000003488      0x638 Drivers/STM32F1xx_HAL_Driver/Src/stm32f1xx_hal_tim_ex.o
 .debug_frame   0x0000000000003ac0      0x834 Drivers/STM32F1xx_HAL_Driver/Src/stm32f1xx_hal_uart.o
 .debug_frame   0x00000000000042f4       0x2c /opt/st/stm32cubeide_1.6.1/plugins/com.st.stm32cube.ide.mcu.externaltools.gnu-tools-for-stm32.9-2020-q2-update.linux64_1.5.0.202011040924/tools/bin/../lib/gcc/arm-none-eabi/9.3.1/../../../../arm-none-eabi/lib/thumb/v7-m/nofp/libc_nano.a(lib_a-init.o)
 .debug_frame   0x0000000000004320       0x20 /opt/st/stm32cubeide_1.6.1/plugins/com.st.stm32cube.ide.mcu.externaltools.gnu-tools-for-stm32.9-2020-q2-update.linux64_1.5.0.202011040924/tools/bin/../lib/gcc/arm-none-eabi/9.3.1/../../../../arm-none-eabi/lib/thumb/v7-m/nofp/libc_nano.a(lib_a-memset.o)
 .debug_frame   0x0000000000004340       0xac /opt/st/stm32cubeide_1.6.1/plugins/com.st.stm32cube.ide.mcu.externaltools.gnu-tools-for-stm32.9-2020-q2-update.linux64_1.5.0.202011040924/tools/bin/../lib/gcc/arm-none-eabi/9.3.1/thumb/v7-m/nofp/libgcc.a(_arm_addsubdf3.o)
 .debug_frame   0x00000000000043ec       0xc4 /opt/st/stm32cubeide_1.6.1/plugins/com.st.stm32cube.ide.mcu.externaltools.gnu-tools-for-stm32.9-2020-q2-update.linux64_1.5.0.202011040924/tools/bin/../lib/gcc/arm-none-eabi/9.3.1/thumb/v7-m/nofp/libgcc.a(_arm_cmpdf2.o)
 .debug_frame   0x00000000000044b0       0x4c /opt/st/stm32cubeide_1.6.1/plugins/com.st.stm32cube.ide.mcu.externaltools.gnu-tools-for-stm32.9-2020-q2-update.linux64_1.5.0.202011040924/tools/bin/../lib/gcc/arm-none-eabi/9.3.1/thumb/v7-m/nofp/libgcc.a(_arm_addsubsf3.o)
 .debug_frame   0x00000000000044fc       0x38 /opt/st/stm32cubeide_1.6.1/plugins/com.st.stm32cube.ide.mcu.externaltools.gnu-tools-for-stm32.9-2020-q2-update.linux64_1.5.0.202011040924/tools/bin/../lib/gcc/arm-none-eabi/9.3.1/thumb/v7-m/nofp/libgcc.a(_arm_muldivsf3.o)
 .debug_frame   0x0000000000004534       0xc8 /opt/st/stm32cubeide_1.6.1/plugins/com.st.stm32cube.ide.mcu.externaltools.gnu-tools-for-stm32.9-2020-q2-update.linux64_1.5.0.202011040924/tools/bin/../lib/gcc/arm-none-eabi/9.3.1/thumb/v7-m/nofp/libgcc.a(_arm_cmpsf2.o)
 .debug_frame   0x00000000000045fc       0x24 /opt/st/stm32cubeide_1.6.1/plugins/com.st.stm32cube.ide.mcu.externaltools.gnu-tools-for-stm32.9-2020-q2-update.linux64_1.5.0.202011040924/tools/bin/../lib/gcc/arm-none-eabi/9.3.1/thumb/v7-m/nofp/libgcc.a(_arm_fixsfsi.o)
 .debug_frame   0x0000000000004620       0x24 /opt/st/stm32cubeide_1.6.1/plugins/com.st.stm32cube.ide.mcu.externaltools.gnu-tools-for-stm32.9-2020-q2-update.linux64_1.5.0.202011040924/tools/bin/../lib/gcc/arm-none-eabi/9.3.1/thumb/v7-m/nofp/libgcc.a(_arm_fixunssfsi.o)
